[2025-12-17 00:05:02.279] [info]  [EleriumCommunicationLayer] setCfCoreHost called with https://api.curseforge.com.
[2025-12-17 00:05:02.290] [info]  [ConfigurationServiceImpl] Current env: production.
[2025-12-17 00:05:02.320] [info]  [BackgroundController] App version: 1.293.0.29621.
[2025-12-17 00:05:02.321] [info]  [BackgroundController] OS: linux.
[2025-12-17 00:05:02.322] [info]  [BackgroundController] OS version: 6.16.7-arch1-1.
[2025-12-17 00:05:02.322] [info]  [BackgroundController] App startup args: /tmp/.mount_cursefdLOjiD/curseforge.
[2025-12-17 00:05:02.898] [info]  [BackgroundController] Electron App Ready. Continuing Initialization....
[2025-12-17 00:05:02.902] [info]  [ClientOverridesImpl] Fetching https://curseforge.overwolf.com/downloads/client-overrides-v2.json ....
[2025-12-17 00:05:05.860] [info]  [AppUpdateServiceImpl] Checking if app has an update which is available locally..
[2025-12-17 00:05:05.861] [info]  [AppUpdateServiceImpl] Checking for available application updates. Current app version is 1.293.0-29621.
[2025-12-17 00:05:05.862] [info]  Checking for update
[2025-12-17 00:05:05.862] [info]  Electron Updater - Checking for application update
[2025-12-17 00:05:05.863] [info]  Generated new staging user ID: 4e004840-dd1f-571c-b631-06e920394168
[2025-12-17 00:05:06.191] [info]  Update for version 1.293.0-29621 is not available (latest version: 1.293.0-29621, downgrade is disallowed).
[2025-12-17 00:05:06.192] [info]  Electron Updater - App update is not available. Latest Version: 1.293.0-29621. Release Date: 2025-12-04T11:46:48.196Z
[2025-12-17 00:05:06.196] [info]  [AppUpdateServiceImpl] No updates are available for the app..
[2025-12-17 00:05:06.886] [info]  [EleriumCommunicationLayer] setCfCoreHost called with https://api.curseforge.com.
[2025-12-17 00:05:06.901] [info]  [ConfigurationServiceImpl] Current env: production.
[2025-12-17 00:05:06.924] [info]  [BackgroundController] App version: 1.293.0.29621.
[2025-12-17 00:05:06.924] [info]  [BackgroundController] OS: linux.
[2025-12-17 00:05:06.925] [info]  [BackgroundController] OS version: 6.16.7-arch1-1.
[2025-12-17 00:05:06.926] [info]  [BackgroundController] App startup args: /tmp/.mount_cursefCiNaNA/curseforge.
[2025-12-17 00:05:06.962] [info]  [BackgroundController] A second instance of the app has attempted to start. Working Dir /home/hrono/Downloads. Args: /tmp/.mount_cursefCiNaNA/curseforge,--allow-file-access-from-files,--ozone-platform=wayland.
[2025-12-17 00:05:06.963] [info]  [BackgroundController] Unable to obtain single instance lock. Another instance of the app is open. Shutting down.
[2025-12-17 00:05:07.055] [info]  [Renderer - Main Window] Initializing Sentry service [ [] ]
[2025-12-17 00:05:07.088] [info]  [Renderer - Main Window] [ReactErrorWatchDog] Starting watchdog with 10000 [ [] ]
[2025-12-17 00:05:07.106] [info]  [SessionStartedEventHandler] App session started.
[2025-12-17 00:05:07.116] [info]  [AutoUpdaterServiceImpl] Starting Auto Updater Service.
[2025-12-17 00:05:07.117] [info]  [AutoUpdaterServiceImpl] Auto updater is disabled by configuration.
[2025-12-17 00:05:07.118] [info]  [LoginService] Validating login status.
[2025-12-17 00:05:07.118] [info]  [SessionInfoRepositoryImpl] Loading login tokens from storage.
[2025-12-17 00:05:07.118] [info]  [SessionInfoRepositoryImpl] Missing mandatory tokens. Clearing storage.
[2025-12-17 00:05:07.119] [info]  [SessionInfoRepositoryImpl] Clearing tokens from storage.
[2025-12-17 00:05:07.120] [info]  [LoginService] No login tokens found..
[2025-12-17 00:05:07.121] [info]  [SessionInfoRepositoryImpl] Clearing tokens from storage.
[2025-12-17 00:05:07.123] [info]  [LoginService] Notifying logged out status.
[2025-12-17 00:05:07.123] [info]  [SessionInfoRepositoryImpl] Clearing tokens from storage.
[2025-12-17 00:05:07.126] [error] [LoggedOutEventHandler] Failed to update client session info. Error: Radium API is not ready
[2025-12-17 00:05:07.127] [info]  [GameAuthUsersChangedEventHandler] Minecraft Users info loaded.
[2025-12-17 00:05:07.128] [info]  [LoggedOutEventHandler] User is logged out.
[2025-12-17 00:05:07.129] [info]  [MarketingVideosServiceImpl] Fetching https://mrkt.forgecdn.net/app-vids/onboarding_videos.json ....
[2025-12-17 00:05:07.132] [info]  [AppUpdatePeriodicChecker] Running periodic app update check.
[2025-12-17 00:05:07.133] [info]  [AppUpdateServiceImpl] Checking for available application updates. Current app version is 1.293.0-29621.
[2025-12-17 00:05:07.133] [info]  Checking for update
[2025-12-17 00:05:07.133] [info]  Electron Updater - Checking for application update
[2025-12-17 00:05:07.245] [info]  Update for version 1.293.0-29621 is not available (latest version: 1.293.0-29621, downgrade is disallowed).
[2025-12-17 00:05:07.245] [info]  Electron Updater - App update is not available. Latest Version: 1.293.0-29621. Release Date: 2025-12-04T11:46:48.196Z
[2025-12-17 00:05:07.246] [info]  [AppUpdateServiceImpl] No updates are available for the app..
[2025-12-17 00:05:07.247] [info]  [AppUpdatePeriodicChecker] No app update. Scheduling the next update check in 900000 milliseconds.
[2025-12-17 00:05:07.590] [info]  [UptimeRobotApi] Executing GET request https://health.curseforge.com/app/monitorStatus.json.
[2025-12-17 00:05:07.642] [info]  [AnalyticsService] Executing GET request https://analyticsnew.overwolf.com/analytics/Counter?Name=cf_app_page_changed&MUID=9a22bc0d-9e37-b69d-2659-851e3a8197a7&MUIDV2=9a22bc0d-9e37-b69d-2659-851e3a8197a7&owver=37.7.0&Extra=%7B%22app_ver%22%3A%221.293.0.29621%22%2C%22os_ver%22%3A%22linux%22%2C%22app_type%22%3A%22Electron%22%2C%22currentAppPage%22%3A%22HomePage%22%7D.
[2025-12-17 00:05:08.157] [error] [SettingsService] Failed to get app content path: Error: Failed to get app content path.
[2025-12-17 00:05:08.166] [info]  [PluginCommunication] Connecting to Mods Agent.
[2025-12-17 00:05:08.167] [info]  [PluginProcessHost] Starting Mods Agent with ports range 52261-52281.
[2025-12-17 00:05:08.167] [info]  [PluginProcessHost] Launching Mods Agent process /tmp/.mount_cursefdLOjiD/resources/app.asar.unpacked/plugins/curse/linux/Curse.Agent.Host with args: --port=52261,--to-port=52281,--pid=65164,--appDataPath=/home/hrono/.config/CurseForge,--api-key=f8eec0ba-5a8c-4243-afce-22d1da41e855,--clientId=Overwolf.
[2025-12-17 00:05:08.203] [info]  [AnalyticsService] Executed GET request https://analyticsnew.overwolf.com/analytics/Counter?Name=cf_app_page_changed&MUID=9a22bc0d-9e37-b69d-2659-851e3a8197a7&MUIDV2=9a22bc0d-9e37-b69d-2659-851e3a8197a7&owver=37.7.0&Extra=%7B%22app_ver%22%3A%221.293.0.29621%22%2C%22os_ver%22%3A%22linux%22%2C%22app_type%22%3A%22Electron%22%2C%22currentAppPage%22%3A%22HomePage%22%7D. Status code: 200.
[2025-12-17 00:05:08.608] [info]  [UptimeRobotApi] Executed GET request https://health.curseforge.com/app/monitorStatus.json. Status code: 200.
[2025-12-17 00:05:08.610] [info]  [PluginProcessHost] Agent stdout: Starting CurseForge Agent Host.
[2025-12-17 00:05:09.609] [info]  [PluginProcessHost] Agent stdout: Agent Data path is /home/hrono/.config/CurseForge/agent.
[2025-12-17 00:05:09.609] [info]  [PluginProcessHost] Agent stdout: Agent Log path is /home/hrono/.config/CurseForge/agent/logs.
[2025-12-17 00:05:12.748] [info]  [PluginProcessHost] Agent stdout: 12/17/2025 00:05:12 [Info] Server started at ws://127.0.0.1:52261/CurseForge (actual port 52261) .
[2025-12-17 00:05:12.749] [info]  [PluginProcessHost] Mods Agent started. pid: 65554, port: 52261.
[2025-12-17 00:05:12.750] [info]  [PluginWebSocket] Connecting to Mods Agent CurseForge on ports range 52261-52261.
[2025-12-17 00:05:12.773] [info]  [PluginProcessHost] Agent stdout: Mods Agent server started on port 52261.
[2025-12-17 00:05:12.873] [info]  [PluginWebSocket] Connected to mods agent.
[2025-12-17 00:05:12.876] [info]  [PluginWebSocket] Connected to Mods Agent on port 52261.
[2025-12-17 00:05:16.313] [info]  [GamesScanStartedEventHandler] Games scan started. Comprehensive: false.
[2025-12-17 00:05:16.465] [info]  [GamesScanCompletedEventHandler] Games scan completed. Comprehensive: false. Canceled: false.
[2025-12-17 00:05:16.574] [info]  [CoreServiceImpl] Mods agent was initialized successfully.
[2025-12-17 00:05:16.656] [info]  [AppConnectivityService] Reporting app connectivity.
[2025-12-17 00:05:16.658] [info]  [AnalyticsService] Executing POST request https://tracking.overwolf.com/tracking/InsertStats?Stats=true.
[2025-12-17 00:05:17.089] [info]  [Renderer - Main Window] Startup game was not found [ [] ]
[2025-12-17 00:05:17.096] [info]  [Renderer - Main Window] [ReactErrorWatchDog] Starting watchdog with 1000 [ [] ]
[2025-12-17 00:05:17.377] [info]  [AnalyticsService] Executed POST request https://tracking.overwolf.com/tracking/InsertStats?Stats=true. Status code: 200.
[2025-12-17 00:05:17.377] [info]  [AnalyticsService] Sent a Grafana event to https://tracking.overwolf.com/tracking/InsertStats?Stats=true.
[2025-12-17 00:05:17.391] [info]  [AnalyticsService] Executing GET request https://analyticsnew.overwolf.com/analytics/Counter?Name=cf_app_session_info&MUID=9a22bc0d-9e37-b69d-2659-851e3a8197a7&MUIDV2=9a22bc0d-9e37-b69d-2659-851e3a8197a7&owver=37.7.0&Extra=%7B%22app_ver%22%3A%221.293.0.29621%22%2C%22os_ver%22%3A%22linux%22%2C%22app_type%22%3A%22Electron%22%2C%22isLoggedIn%22%3Afalse%2C%22isSyncEnabled%22%3Afalse%2C%22appLanguage%22%3A%22en%22%2C%22groupsCount%22%3A%7B%7D%2C%22isMojangLoggedIn%22%3Afalse%2C%22minecraftLauncherTypes%22%3A%5B%5D%7D.
[2025-12-17 00:05:17.595] [info]  [AnalyticsService] Executed GET request https://analyticsnew.overwolf.com/analytics/Counter?Name=cf_app_session_info&MUID=9a22bc0d-9e37-b69d-2659-851e3a8197a7&MUIDV2=9a22bc0d-9e37-b69d-2659-851e3a8197a7&owver=37.7.0&Extra=%7B%22app_ver%22%3A%221.293.0.29621%22%2C%22os_ver%22%3A%22linux%22%2C%22app_type%22%3A%22Electron%22%2C%22isLoggedIn%22%3Afalse%2C%22isSyncEnabled%22%3Afalse%2C%22appLanguage%22%3A%22en%22%2C%22groupsCount%22%3A%7B%7D%2C%22isMojangLoggedIn%22%3Afalse%2C%22minecraftLauncherTypes%22%3A%5B%5D%7D. Status code: 200.
[2025-12-17 00:05:17.596] [info]  [ElectronApplication] CRN Api is not available.
[2025-12-17 00:05:17.605] [info]  [AppLaunchService] No install params to launch and install project.
[2025-12-17 00:05:26.593] [info]  [ReleaseNotesApiImpl] Fetching /1.293.0.29621/release-notes/1 ....
[2025-12-17 00:05:27.037] [info]  [AnalyticsService] Executing GET request https://analyticsnew.overwolf.com/analytics/Counter?Name=cf_app_ads_promo_video_event&MUID=9a22bc0d-9e37-b69d-2659-851e3a8197a7&MUIDV2=9a22bc0d-9e37-b69d-2659-851e3a8197a7&owver=37.7.0&Extra=%7B%22app_ver%22%3A%221.293.0.29621%22%2C%22os_ver%22%3A%22linux%22%2C%22app_type%22%3A%22Electron%22%2C%22status%22%3A%22loading%22%2C%22url%22%3A%22https%3A%2F%2Fmrkt.forgecdn.net%2Fapp-vids%2Fonboard%2Fonboarding_1.webm%22%7D.
[2025-12-17 00:05:27.248] [info]  [AnalyticsService] Executed GET request https://analyticsnew.overwolf.com/analytics/Counter?Name=cf_app_ads_promo_video_event&MUID=9a22bc0d-9e37-b69d-2659-851e3a8197a7&MUIDV2=9a22bc0d-9e37-b69d-2659-851e3a8197a7&owver=37.7.0&Extra=%7B%22app_ver%22%3A%221.293.0.29621%22%2C%22os_ver%22%3A%22linux%22%2C%22app_type%22%3A%22Electron%22%2C%22status%22%3A%22loading%22%2C%22url%22%3A%22https%3A%2F%2Fmrkt.forgecdn.net%2Fapp-vids%2Fonboard%2Fonboarding_1.webm%22%7D. Status code: 200.
[2025-12-17 00:05:28.704] [info]  [Renderer - Main Window] Getting game 432 category classes [ [] ]
[2025-12-17 00:05:28.716] [info]  [EleriumCommunicationLayer] Request - GET v1/categories - params: {"gameId":432,"classesOnly":true}.
[2025-12-17 00:05:28.708] [info]  [Renderer - Main Window] Getting game 432 categories [ [] ]
[2025-12-17 00:05:28.730] [info]  [EleriumCommunicationLayer] Request - GET v1/categories - params: {"gameId":432}.
[2025-12-17 00:05:28.736] [info]  [AnalyticsService] Executing GET request https://analyticsnew.overwolf.com/analytics/Counter?Name=cf_app_page_changed&MUID=9a22bc0d-9e37-b69d-2659-851e3a8197a7&MUIDV2=9a22bc0d-9e37-b69d-2659-851e3a8197a7&owver=37.7.0&Extra=%7B%22app_ver%22%3A%221.293.0.29621%22%2C%22os_ver%22%3A%22linux%22%2C%22app_type%22%3A%22Electron%22%2C%22currentAppPage%22%3A%22MyModpacksPage%22%7D.
[2025-12-17 00:05:28.759] [info]  [MeasurementAppServiceImpl] starting measurement game-dau.
[2025-12-17 00:05:28.810] [info]  [AnalyticsService] Executed GET request https://analyticsnew.overwolf.com/analytics/Counter?Name=cf_app_page_changed&MUID=9a22bc0d-9e37-b69d-2659-851e3a8197a7&MUIDV2=9a22bc0d-9e37-b69d-2659-851e3a8197a7&owver=37.7.0&Extra=%7B%22app_ver%22%3A%221.293.0.29621%22%2C%22os_ver%22%3A%22linux%22%2C%22app_type%22%3A%22Electron%22%2C%22currentAppPage%22%3A%22MyModpacksPage%22%7D. Status code: 200.
[2025-12-17 00:05:29.014] [info]  [Renderer - Main Window] Got 144 categories for game 432 [ [] ]
[2025-12-17 00:05:29.123] [info]  [MinecraftLoginAppServiceImpl] Get Microsoft Users Info.
[2025-12-17 00:05:29.061] [info]  [Renderer - Main Window] Getting game 432 install mod request from queue [ [] ]
[2025-12-17 00:05:29.132] [info]  [ModpacksAppServiceImpl] Getting game 432 installed modpacks.
[2025-12-17 00:05:29.142] [info]  [MinecraftLoginAppServiceImpl] Get Microsoft User Info.
[2025-12-17 00:05:29.133] [info]  [Renderer - Main Window] Game 432 has no pending install mod request [ [] ]
[2025-12-17 00:05:29.166] [info]  [ModpackInstanceRepository] Loaded 0 modpacks for game 432.
[2025-12-17 00:05:29.165] [warn]  [Renderer - Main Window] No last game instance guid to choose from [ [] ]
[2025-12-17 00:05:38.775] [info]  [AnalyticsService] trackDailyUnique is unique: true.
[2025-12-17 00:05:38.776] [info]  [AnalyticsService] Executing GET request https://analyticsnew.overwolf.com/analytics/Counter?Name=cf_daily_active_user_per_game_v2&MUID=9a22bc0d-9e37-b69d-2659-851e3a8197a7&MUIDV2=9a22bc0d-9e37-b69d-2659-851e3a8197a7&owver=37.7.0&Extra=%7B%22app_ver%22%3A%221.293.0.29621%22%2C%22os_ver%22%3A%22linux%22%2C%22app_type%22%3A%22Electron%22%2C%22game_id%22%3A432%2C%22gameId%22%3A432%7D.
[2025-12-17 00:05:39.474] [info]  [MinecraftSettingsChangedEventHandler] Minecraft settings changed: {"minecraftRoot":"/home/hrono/Documents/curseforge/minecraft","preferredRelease":0,"useDesktopResolution":false,"resolutionWidth":1024,"resolutionHeight":768,"launcherVisibility":0,"launcherType":0,"gameLaunchMethod":0,"javaVersionsPaths":{"java8":""},"maxMemoryAllocation":4096,"useRecommendedMemoryAllocation":true,"additionalJavaArguments":null,"profileBackups":0,"enableModpackDefaultSettings":false,"minecraftModpackDefaultOptions":{"autoJump":true,"fullscreen":false,"bobView":true,"invertMouse":false,"mouseSensitivity":100,"gamma":50,"renderDistance":12,"fov":70,"guiScale":0,"masterVolume":100,"musicVolume":100,"jukeboxVolume":100,"weatherVolume":100,"blockVolume":100,"hostileVolume":100,"neutralVolume":100,"playerVolume":100,"ambientVolume":100,"voiceVolume":100,"sneakKeyBind":"ShiftLeft","sprintKeyBind":"ControlLeft"},"gameDashboardDisplay":null,"showGameDashboard":false}.
[2025-12-17 00:05:39.493] [info]  [MinecraftSettingsChangedEventHandler] Minecraft settings changed: {"minecraftRoot":"/home/hrono/Documents/curseforge/minecraft","preferredRelease":0,"useDesktopResolution":false,"resolutionWidth":1024,"resolutionHeight":768,"launcherVisibility":0,"launcherType":0,"gameLaunchMethod":0,"javaVersionsPaths":{"java8":""},"maxMemoryAllocation":4096,"useRecommendedMemoryAllocation":true,"additionalJavaArguments":null,"profileBackups":0,"enableModpackDefaultSettings":false,"minecraftModpackDefaultOptions":{"autoJump":true,"fullscreen":false,"bobView":true,"invertMouse":false,"mouseSensitivity":100,"gamma":50,"renderDistance":12,"fov":70,"guiScale":0,"masterVolume":100,"musicVolume":100,"jukeboxVolume":100,"weatherVolume":100,"blockVolume":100,"hostileVolume":100,"neutralVolume":100,"playerVolume":100,"ambientVolume":100,"voiceVolume":100,"sneakKeyBind":"ShiftLeft","sprintKeyBind":"ControlLeft"},"gameDashboardDisplay":null,"showGameDashboard":false}.
[2025-12-17 00:05:39.513] [info]  [MinecraftInstallationServiceImpl] Changing location to: /home/hrono/Documents/curseforge/minecraft.
[2025-12-17 00:05:41.123] [info]  [AnalyticsService] Executed GET request https://analyticsnew.overwolf.com/analytics/Counter?Name=cf_daily_active_user_per_game_v2&MUID=9a22bc0d-9e37-b69d-2659-851e3a8197a7&MUIDV2=9a22bc0d-9e37-b69d-2659-851e3a8197a7&owver=37.7.0&Extra=%7B%22app_ver%22%3A%221.293.0.29621%22%2C%22os_ver%22%3A%22linux%22%2C%22app_type%22%3A%22Electron%22%2C%22game_id%22%3A432%2C%22gameId%22%3A432%7D. Status code: 200.
[2025-12-17 00:05:42.414] [info]  [Renderer - Main Window] current game updated 432, updating game state [ [] ]
[2025-12-17 00:05:42.426] [info]  [Renderer - Main Window] Minecraft Launcher Install State Complete: {"isInstalled":true,"minecraftRoot":"/home/hrono/Documents/curseforge/minecraft/Install","instanceRoot":"/home/hrono/Documents/curseforge/minecraft/Instances","errorCode":"Success"} [ [] ]
[2025-12-17 00:05:42.426] [info]  [Renderer - Main Window] Minecraft Launcher Install State Complete: {"isInstalled":true,"minecraftRoot":"/home/hrono/Documents/curseforge/minecraft/Install","instanceRoot":"/home/hrono/Documents/curseforge/minecraft/Instances","errorCode":"Success"} [ [] ]
[2025-12-17 00:05:42.427] [info]  [Renderer - Main Window] Minecraft Launcher Install State Complete: {"isInstalled":true,"minecraftRoot":"/home/hrono/Documents/curseforge/minecraft/Install","instanceRoot":"/home/hrono/Documents/curseforge/minecraft/Instances","errorCode":"Success"} [ [] ]
[2025-12-17 00:05:46.697] [info]  [EleriumCommunicationLayer] Request - GET v2/mods/app-highlights - params: {"gameId":432}.
[2025-12-17 00:05:46.706] [info]  [AnalyticsService] Executing GET request https://analyticsnew.overwolf.com/analytics/Counter?Name=cf_app_page_changed&MUID=9a22bc0d-9e37-b69d-2659-851e3a8197a7&MUIDV2=9a22bc0d-9e37-b69d-2659-851e3a8197a7&owver=37.7.0&Extra=%7B%22app_ver%22%3A%221.293.0.29621%22%2C%22os_ver%22%3A%22linux%22%2C%22app_type%22%3A%22Electron%22%2C%22currentAppPage%22%3A%22DiscoverPage%22%7D.
[2025-12-17 00:05:48.103] [info]  [AnalyticsService] Executed GET request https://analyticsnew.overwolf.com/analytics/Counter?Name=cf_app_page_changed&MUID=9a22bc0d-9e37-b69d-2659-851e3a8197a7&MUIDV2=9a22bc0d-9e37-b69d-2659-851e3a8197a7&owver=37.7.0&Extra=%7B%22app_ver%22%3A%221.293.0.29621%22%2C%22os_ver%22%3A%22linux%22%2C%22app_type%22%3A%22Electron%22%2C%22currentAppPage%22%3A%22DiscoverPage%22%7D. Status code: 200.
[2025-12-17 00:05:48.976] [info]  [EleriumCommunicationLayer] Request - GET v1/minecraft/modloader?includeAll=true - params: None.
[2025-12-17 00:05:53.679] [info]  [AnalyticsService] Executing GET request https://analyticsnew.overwolf.com/analytics/Counter?Name=cf_app_search_project_requested&MUID=9a22bc0d-9e37-b69d-2659-851e3a8197a7&MUIDV2=9a22bc0d-9e37-b69d-2659-851e3a8197a7&owver=37.7.0&Extra=%7B%22app_ver%22%3A%221.293.0.29621%22%2C%22os_ver%22%3A%22linux%22%2C%22app_type%22%3A%22Electron%22%2C%22searchedValue%22%3A%22Dregora%22%2C%22gameId%22%3A%22432%22%2C%22byProjectId%22%3Afalse%7D.
[2025-12-17 00:05:53.888] [info]  [EleriumCommunicationLayer] Request - GET v1/games/432/versions - params: None.
[2025-12-17 00:05:53.888] [info]  [Renderer - Main Window] Searching mods. page: 1, column: 11, order: 2, category: undefined, sectionId: null, gameVersion: undefined, primaryAuthorId: undefined, text: Dregora, slug: undefined [ [] ]
[2025-12-17 00:05:53.893] [info]  [EleriumCommunicationLayer] Request - GET v2/mods/search - params: gameId=432&pageSize=20&searchFilter=Dregora&sortField=1&sortOrder=desc&index=0&clientCompatible=false.
[2025-12-17 00:05:53.907] [info]  [AnalyticsService] Executing GET request https://analyticsnew.overwolf.com/analytics/Counter?Name=cf_app_page_changed&MUID=9a22bc0d-9e37-b69d-2659-851e3a8197a7&MUIDV2=9a22bc0d-9e37-b69d-2659-851e3a8197a7&owver=37.7.0&Extra=%7B%22app_ver%22%3A%221.293.0.29621%22%2C%22os_ver%22%3A%22linux%22%2C%22app_type%22%3A%22Electron%22%2C%22currentAppPage%22%3A%22BrowseProjectsPage%22%7D.
[2025-12-17 00:05:55.152] [info]  [AnalyticsService] Executed GET request https://analyticsnew.overwolf.com/analytics/Counter?Name=cf_app_search_project_requested&MUID=9a22bc0d-9e37-b69d-2659-851e3a8197a7&MUIDV2=9a22bc0d-9e37-b69d-2659-851e3a8197a7&owver=37.7.0&Extra=%7B%22app_ver%22%3A%221.293.0.29621%22%2C%22os_ver%22%3A%22linux%22%2C%22app_type%22%3A%22Electron%22%2C%22searchedValue%22%3A%22Dregora%22%2C%22gameId%22%3A%22432%22%2C%22byProjectId%22%3Afalse%7D. Status code: 200.
[2025-12-17 00:05:55.665] [info]  [AnalyticsService] Executed GET request https://analyticsnew.overwolf.com/analytics/Counter?Name=cf_app_page_changed&MUID=9a22bc0d-9e37-b69d-2659-851e3a8197a7&MUIDV2=9a22bc0d-9e37-b69d-2659-851e3a8197a7&owver=37.7.0&Extra=%7B%22app_ver%22%3A%221.293.0.29621%22%2C%22os_ver%22%3A%22linux%22%2C%22app_type%22%3A%22Electron%22%2C%22currentAppPage%22%3A%22BrowseProjectsPage%22%7D. Status code: 200.
[2025-12-17 00:05:55.966] [info]  [ModpackInstanceRepository] Loaded 0 modpacks for game 432.
[2025-12-17 00:05:55.990] [info]  [ProjectAppServiceImpl] Got 10 search results for game 432. Page 1.
[2025-12-17 00:05:56.000] [info]  [EleriumCommunicationLayer] Request - GET v2/games/432/additional-client-featured-projects - params: None.
[2025-12-17 00:05:56.354] [info]  [ModpackInstanceRepository] Loaded 0 modpacks for game 432.
[2025-12-17 00:05:56.361] [info]  [Renderer - Main Window] Received 10 search results for game 432 [ [] ]
[2025-12-17 00:05:58.000] [info]  [Renderer - Main Window] Getting project 1003933 [ [] ]
[2025-12-17 00:05:58.002] [info]  [EleriumCommunicationLayer] Request - GET v2/mods/1003933 - params: None.
[2025-12-17 00:05:58.029] [info]  [AnalyticsService] Executing GET request https://analyticsnew.overwolf.com/analytics/Counter?Name=cf_app_page_changed&MUID=9a22bc0d-9e37-b69d-2659-851e3a8197a7&MUIDV2=9a22bc0d-9e37-b69d-2659-851e3a8197a7&owver=37.7.0&Extra=%7B%22app_ver%22%3A%221.293.0.29621%22%2C%22os_ver%22%3A%22linux%22%2C%22app_type%22%3A%22Electron%22%2C%22currentAppPage%22%3A%22ProjectPage%22%7D.
[2025-12-17 00:05:58.385] [info]  [AnalyticsService] Executed GET request https://analyticsnew.overwolf.com/analytics/Counter?Name=cf_app_page_changed&MUID=9a22bc0d-9e37-b69d-2659-851e3a8197a7&MUIDV2=9a22bc0d-9e37-b69d-2659-851e3a8197a7&owver=37.7.0&Extra=%7B%22app_ver%22%3A%221.293.0.29621%22%2C%22os_ver%22%3A%22linux%22%2C%22app_type%22%3A%22Electron%22%2C%22currentAppPage%22%3A%22ProjectPage%22%7D. Status code: 200.
[2025-12-17 00:05:58.396] [info]  [Renderer - Main Window] Getting project 1003933 comments count [ [] ]
[2025-12-17 00:05:58.399] [info]  [WebApiService] Executing GET request https://www.curseforge.com/api/v1/mods/1003933/app-comments.
[2025-12-17 00:06:04.500] [error] [Renderer - Main Window] Failed to get Comments for project 1003933 [
  [
    "Error: Error invoking remote method 'ProjectCommentsAppService.getComments': Error: An object could not be cloned.\n" +
      '    at IpcRenderer.invoke (node:electron/js2c/sandbox_bundle:2:118428)\n' +
      '    at async t.includes.<computed> [as getComments] (<anonymous>:22:24826)\n' +
      '    at async getCommentsCount (file:///tmp/.mount_cursefdLOjiD/resources/app.asar/dist/desktop/desktop.js:374:50265)\n' +
      '    at async N (file:///tmp/.mount_cursefdLOjiD/resources/app.asar/dist/desktop/desktop.js:397:153109)\n' +
      '    at async I (file:///tmp/.mount_cursefdLOjiD/resources/app.asar/dist/desktop/desktop.js:397:153173)\n' +
      '    at async E (file:///tmp/.mount_cursefdLOjiD/resources/app.asar/dist/desktop/desktop.js:397:153468)'
  ]
]
[2025-12-17 00:06:04.501] [info]  [Renderer - Main Window] Got mod 1003933 comments count. Received null comments [ [] ]
[2025-12-17 00:06:04.639] [info]  [Renderer - Main Window] Calling getDescription 1003933 [ [] ]
[2025-12-17 00:06:04.642] [info]  [EleriumCommunicationLayer] Request - GET v1/mods/1003933/description - params: None.
[2025-12-17 00:06:08.610] [info]  [UptimeRobotApi] Executing GET request https://health.curseforge.com/app/monitorStatus.json.
[2025-12-17 00:06:09.786] [info]  [UptimeRobotApi] Executed GET request https://health.curseforge.com/app/monitorStatus.json. Status code: 200.
[2025-12-17 00:06:11.363] [info]  [Renderer - Main Window] getting project 1003933 versions [ [] ]
[2025-12-17 00:06:11.367] [info]  [EleriumCommunicationLayer] Request - GET v1/mods/1003933/files?index=0&pageSize=20 - params: None.
[2025-12-17 00:06:12.130] [info]  [Renderer - Main Window] Got project 1003933 versions. Received 10 file versions [ [] ]
[2025-12-17 00:06:18.808] [info]  [AnalyticsService] Executing GET request https://analyticsnew.overwolf.com/analytics/Counter?Name=cf_app_user_action&MUID=9a22bc0d-9e37-b69d-2659-851e3a8197a7&MUIDV2=9a22bc0d-9e37-b69d-2659-851e3a8197a7&owver=37.7.0&Extra=%7B%22app_ver%22%3A%221.293.0.29621%22%2C%22os_ver%22%3A%22linux%22%2C%22app_type%22%3A%22Electron%22%2C%22action%22%3A%22downloadServerPack%22%2C%22currentAppPage%22%3A%22ProjectPage%22%2C%22value%22%3A%22RLCraft+Dregora%22%2C%22gameId%22%3A%22432%22%2C%22source%22%3A%22ProjectActions%22%7D.
[2025-12-17 00:06:18.811] [info]  [EleriumCommunicationLayer] Request - GET v1/mods/1003933/files/7285709 - params: None.
[2025-12-17 00:06:19.082] [info]  [AnalyticsService] Executed GET request https://analyticsnew.overwolf.com/analytics/Counter?Name=cf_app_user_action&MUID=9a22bc0d-9e37-b69d-2659-851e3a8197a7&MUIDV2=9a22bc0d-9e37-b69d-2659-851e3a8197a7&owver=37.7.0&Extra=%7B%22app_ver%22%3A%221.293.0.29621%22%2C%22os_ver%22%3A%22linux%22%2C%22app_type%22%3A%22Electron%22%2C%22action%22%3A%22downloadServerPack%22%2C%22currentAppPage%22%3A%22ProjectPage%22%2C%22value%22%3A%22RLCraft+Dregora%22%2C%22gameId%22%3A%22432%22%2C%22source%22%3A%22ProjectActions%22%7D. Status code: 200.
[2025-12-17 00:06:27.750] [info]  [AnalyticsService] Executing GET request https://analyticsnew.overwolf.com/analytics/Counter?Name=cf_app_project_download_requested&MUID=9a22bc0d-9e37-b69d-2659-851e3a8197a7&MUIDV2=9a22bc0d-9e37-b69d-2659-851e3a8197a7&owver=37.7.0&Extra=%7B%22app_ver%22%3A%221.293.0.29621%22%2C%22os_ver%22%3A%22linux%22%2C%22app_type%22%3A%22Electron%22%2C%22game_id%22%3A432%2C%22fileName%22%3A%22RLCraft+Dregora+v1.1.2b+-+server+pack.zip%22%2C%22downloadUrl%22%3A%22https%3A%2F%2Fedge.forgecdn.net%2Ffiles%2F7285%2F709%2FRLCraft%2520Dregora%2520v1.1.2b%2520-%2520server%2520pack.zip%22%2C%22className%22%3A%22Modpacks%22%2C%22projectName%22%3A%22RLCraft+Dregora%22%7D.
[2025-12-17 00:06:27.949] [info]  [AnalyticsService] Executed GET request https://analyticsnew.overwolf.com/analytics/Counter?Name=cf_app_project_download_requested&MUID=9a22bc0d-9e37-b69d-2659-851e3a8197a7&MUIDV2=9a22bc0d-9e37-b69d-2659-851e3a8197a7&owver=37.7.0&Extra=%7B%22app_ver%22%3A%221.293.0.29621%22%2C%22os_ver%22%3A%22linux%22%2C%22app_type%22%3A%22Electron%22%2C%22game_id%22%3A432%2C%22fileName%22%3A%22RLCraft+Dregora+v1.1.2b+-+server+pack.zip%22%2C%22downloadUrl%22%3A%22https%3A%2F%2Fedge.forgecdn.net%2Ffiles%2F7285%2F709%2FRLCraft%2520Dregora%2520v1.1.2b%2520-%2520server%2520pack.zip%22%2C%22className%22%3A%22Modpacks%22%2C%22projectName%22%3A%22RLCraft+Dregora%22%7D. Status code: 200.
[2025-12-17 00:06:27.951] [info]  [OperationStartedEventHandler] Operation Started, Id: 1003933.
[2025-12-17 00:07:09.789] [info]  [UptimeRobotApi] Executing GET request https://health.curseforge.com/app/monitorStatus.json.
[2025-12-17 00:07:10.071] [info]  [UptimeRobotApi] Executed GET request https://health.curseforge.com/app/monitorStatus.json. Status code: 200.
[2025-12-17 00:07:31.653] [info]  [Renderer - Main Window] Removing daily view measurement. Game: 432 [ [] ]
[2025-12-17 00:07:31.685] [info]  [AnalyticsService] Executing GET request https://analyticsnew.overwolf.com/analytics/Counter?Name=cf_app_page_changed&MUID=9a22bc0d-9e37-b69d-2659-851e3a8197a7&MUIDV2=9a22bc0d-9e37-b69d-2659-851e3a8197a7&owver=37.7.0&Extra=%7B%22app_ver%22%3A%221.293.0.29621%22%2C%22os_ver%22%3A%22linux%22%2C%22app_type%22%3A%22Electron%22%2C%22currentAppPage%22%3A%22HomePage%22%7D.
[2025-12-17 00:07:32.176] [info]  [AnalyticsService] Executing GET request https://analyticsnew.overwolf.com/analytics/Counter?Name=cf_app_page_changed&MUID=9a22bc0d-9e37-b69d-2659-851e3a8197a7&MUIDV2=9a22bc0d-9e37-b69d-2659-851e3a8197a7&owver=37.7.0&Extra=%7B%22app_ver%22%3A%221.293.0.29621%22%2C%22os_ver%22%3A%22linux%22%2C%22app_type%22%3A%22Electron%22%2C%22currentAppPage%22%3A%22MyModpacksPage%22%7D.
[2025-12-17 00:07:32.249] [info]  [MinecraftLoginAppServiceImpl] Get Microsoft Users Info.
[2025-12-17 00:07:32.207] [info]  [Renderer - Main Window] Getting game 432 install mod request from queue [ [] ]
[2025-12-17 00:07:32.254] [info]  [ModpacksAppServiceImpl] Getting game 432 installed modpacks.
[2025-12-17 00:07:32.256] [info]  [MeasurementAppServiceImpl] starting measurement game-dau.
[2025-12-17 00:07:32.270] [info]  [MinecraftLoginAppServiceImpl] Get Microsoft User Info.
[2025-12-17 00:07:32.267] [info]  [Renderer - Main Window] Game 432 has no pending install mod request [ [] ]
[2025-12-17 00:07:32.270] [warn]  [Renderer - Main Window] No last game instance guid to choose from [ [] ]
[2025-12-17 00:07:32.297] [info]  [ModpackInstanceRepository] Loaded 0 modpacks for game 432.
[2025-12-17 00:07:36.300] [info]  [AnalyticsService] Executed GET request https://analyticsnew.overwolf.com/analytics/Counter?Name=cf_app_page_changed&MUID=9a22bc0d-9e37-b69d-2659-851e3a8197a7&MUIDV2=9a22bc0d-9e37-b69d-2659-851e3a8197a7&owver=37.7.0&Extra=%7B%22app_ver%22%3A%221.293.0.29621%22%2C%22os_ver%22%3A%22linux%22%2C%22app_type%22%3A%22Electron%22%2C%22currentAppPage%22%3A%22MyModpacksPage%22%7D. Status code: 200.
[2025-12-17 00:07:37.887] [info]  [AnalyticsService] Executing GET request https://analyticsnew.overwolf.com/analytics/Counter?Name=cf_app_user_action&MUID=9a22bc0d-9e37-b69d-2659-851e3a8197a7&MUIDV2=9a22bc0d-9e37-b69d-2659-851e3a8197a7&owver=37.7.0&Extra=%7B%22app_ver%22%3A%221.293.0.29621%22%2C%22os_ver%22%3A%22linux%22%2C%22app_type%22%3A%22Electron%22%2C%22action%22%3A%22downloadQueue%22%2C%22currentAppPage%22%3A%22MyModpacksPage%22%2C%22value%22%3A%22buttonClicked%22%2C%22gameId%22%3A%22432%22%7D.
[2025-12-17 00:07:38.534] [info]  [AnalyticsService] Executed GET request https://analyticsnew.overwolf.com/analytics/Counter?Name=cf_app_user_action&MUID=9a22bc0d-9e37-b69d-2659-851e3a8197a7&MUIDV2=9a22bc0d-9e37-b69d-2659-851e3a8197a7&owver=37.7.0&Extra=%7B%22app_ver%22%3A%221.293.0.29621%22%2C%22os_ver%22%3A%22linux%22%2C%22app_type%22%3A%22Electron%22%2C%22action%22%3A%22downloadQueue%22%2C%22currentAppPage%22%3A%22MyModpacksPage%22%2C%22value%22%3A%22buttonClicked%22%2C%22gameId%22%3A%22432%22%7D. Status code: 200.
[2025-12-17 00:07:40.787] [info]  [AnalyticsService] Executed GET request https://analyticsnew.overwolf.com/analytics/Counter?Name=cf_app_page_changed&MUID=9a22bc0d-9e37-b69d-2659-851e3a8197a7&MUIDV2=9a22bc0d-9e37-b69d-2659-851e3a8197a7&owver=37.7.0&Extra=%7B%22app_ver%22%3A%221.293.0.29621%22%2C%22os_ver%22%3A%22linux%22%2C%22app_type%22%3A%22Electron%22%2C%22currentAppPage%22%3A%22HomePage%22%7D. Status code: 200.
[2025-12-17 00:07:42.260] [info]  [AnalyticsStorageManager] Already tracked cf_daily_active_user_per_game_v2_gameId.432 today.
[2025-12-17 00:07:42.264] [info]  [AnalyticsService] trackDailyUnique is unique: false.
[2025-12-17 00:08:10.075] [info]  [UptimeRobotApi] Executing GET request https://health.curseforge.com/app/monitorStatus.json.
[2025-12-17 00:08:10.290] [info]  [UptimeRobotApi] Executed GET request https://health.curseforge.com/app/monitorStatus.json. Status code: 200.
[2025-12-17 00:09:04.514] [info]  [AnalyticsService] Executing GET request https://analyticsnew.overwolf.com/analytics/Counter?Name=cf_app_user_action&MUID=9a22bc0d-9e37-b69d-2659-851e3a8197a7&MUIDV2=9a22bc0d-9e37-b69d-2659-851e3a8197a7&owver=37.7.0&Extra=%7B%22app_ver%22%3A%221.293.0.29621%22%2C%22os_ver%22%3A%22linux%22%2C%22app_type%22%3A%22Electron%22%2C%22action%22%3A%22downloadQueue%22%2C%22currentAppPage%22%3A%22MyModpacksPage%22%2C%22value%22%3A%22buttonClicked%22%2C%22gameId%22%3A%22432%22%7D.
[2025-12-17 00:09:04.761] [info]  [AnalyticsService] Executing GET request https://analyticsnew.overwolf.com/analytics/Counter?Name=cf_app_user_action&MUID=9a22bc0d-9e37-b69d-2659-851e3a8197a7&MUIDV2=9a22bc0d-9e37-b69d-2659-851e3a8197a7&owver=37.7.0&Extra=%7B%22app_ver%22%3A%221.293.0.29621%22%2C%22os_ver%22%3A%22linux%22%2C%22app_type%22%3A%22Electron%22%2C%22action%22%3A%22downloadQueue%22%2C%22currentAppPage%22%3A%22MyModpacksPage%22%2C%22value%22%3A%22buttonClicked%22%2C%22gameId%22%3A%22432%22%7D.
[2025-12-17 00:09:05.093] [info]  [AnalyticsService] Executing GET request https://analyticsnew.overwolf.com/analytics/Counter?Name=cf_app_user_action&MUID=9a22bc0d-9e37-b69d-2659-851e3a8197a7&MUIDV2=9a22bc0d-9e37-b69d-2659-851e3a8197a7&owver=37.7.0&Extra=%7B%22app_ver%22%3A%221.293.0.29621%22%2C%22os_ver%22%3A%22linux%22%2C%22app_type%22%3A%22Electron%22%2C%22action%22%3A%22downloadQueue%22%2C%22currentAppPage%22%3A%22MyModpacksPage%22%2C%22value%22%3A%22buttonClicked%22%2C%22gameId%22%3A%22432%22%7D.
[2025-12-17 00:09:05.408] [info]  [AnalyticsService] Executing GET request https://analyticsnew.overwolf.com/analytics/Counter?Name=cf_app_user_action&MUID=9a22bc0d-9e37-b69d-2659-851e3a8197a7&MUIDV2=9a22bc0d-9e37-b69d-2659-851e3a8197a7&owver=37.7.0&Extra=%7B%22app_ver%22%3A%221.293.0.29621%22%2C%22os_ver%22%3A%22linux%22%2C%22app_type%22%3A%22Electron%22%2C%22action%22%3A%22downloadQueue%22%2C%22currentAppPage%22%3A%22MyModpacksPage%22%2C%22value%22%3A%22buttonClicked%22%2C%22gameId%22%3A%22432%22%7D.
[2025-12-17 00:09:05.610] [info]  [AnalyticsService] Executed GET request https://analyticsnew.overwolf.com/analytics/Counter?Name=cf_app_user_action&MUID=9a22bc0d-9e37-b69d-2659-851e3a8197a7&MUIDV2=9a22bc0d-9e37-b69d-2659-851e3a8197a7&owver=37.7.0&Extra=%7B%22app_ver%22%3A%221.293.0.29621%22%2C%22os_ver%22%3A%22linux%22%2C%22app_type%22%3A%22Electron%22%2C%22action%22%3A%22downloadQueue%22%2C%22currentAppPage%22%3A%22MyModpacksPage%22%2C%22value%22%3A%22buttonClicked%22%2C%22gameId%22%3A%22432%22%7D. Status code: 200.
[2025-12-17 00:09:05.620] [info]  [AnalyticsService] Executed GET request https://analyticsnew.overwolf.com/analytics/Counter?Name=cf_app_user_action&MUID=9a22bc0d-9e37-b69d-2659-851e3a8197a7&MUIDV2=9a22bc0d-9e37-b69d-2659-851e3a8197a7&owver=37.7.0&Extra=%7B%22app_ver%22%3A%221.293.0.29621%22%2C%22os_ver%22%3A%22linux%22%2C%22app_type%22%3A%22Electron%22%2C%22action%22%3A%22downloadQueue%22%2C%22currentAppPage%22%3A%22MyModpacksPage%22%2C%22value%22%3A%22buttonClicked%22%2C%22gameId%22%3A%22432%22%7D. Status code: 200.
[2025-12-17 00:09:05.624] [info]  [AnalyticsService] Executed GET request https://analyticsnew.overwolf.com/analytics/Counter?Name=cf_app_user_action&MUID=9a22bc0d-9e37-b69d-2659-851e3a8197a7&MUIDV2=9a22bc0d-9e37-b69d-2659-851e3a8197a7&owver=37.7.0&Extra=%7B%22app_ver%22%3A%221.293.0.29621%22%2C%22os_ver%22%3A%22linux%22%2C%22app_type%22%3A%22Electron%22%2C%22action%22%3A%22downloadQueue%22%2C%22currentAppPage%22%3A%22MyModpacksPage%22%2C%22value%22%3A%22buttonClicked%22%2C%22gameId%22%3A%22432%22%7D. Status code: 200.
[2025-12-17 00:09:05.629] [info]  [AnalyticsService] Executed GET request https://analyticsnew.overwolf.com/analytics/Counter?Name=cf_app_user_action&MUID=9a22bc0d-9e37-b69d-2659-851e3a8197a7&MUIDV2=9a22bc0d-9e37-b69d-2659-851e3a8197a7&owver=37.7.0&Extra=%7B%22app_ver%22%3A%221.293.0.29621%22%2C%22os_ver%22%3A%22linux%22%2C%22app_type%22%3A%22Electron%22%2C%22action%22%3A%22downloadQueue%22%2C%22currentAppPage%22%3A%22MyModpacksPage%22%2C%22value%22%3A%22buttonClicked%22%2C%22gameId%22%3A%22432%22%7D. Status code: 200.
[2025-12-17 00:09:05.685] [info]  [AnalyticsService] Executing GET request https://analyticsnew.overwolf.com/analytics/Counter?Name=cf_app_user_action&MUID=9a22bc0d-9e37-b69d-2659-851e3a8197a7&MUIDV2=9a22bc0d-9e37-b69d-2659-851e3a8197a7&owver=37.7.0&Extra=%7B%22app_ver%22%3A%221.293.0.29621%22%2C%22os_ver%22%3A%22linux%22%2C%22app_type%22%3A%22Electron%22%2C%22action%22%3A%22downloadQueue%22%2C%22currentAppPage%22%3A%22MyModpacksPage%22%2C%22value%22%3A%22buttonClicked%22%2C%22gameId%22%3A%22432%22%7D.
[2025-12-17 00:09:05.755] [info]  [AnalyticsService] Executed GET request https://analyticsnew.overwolf.com/analytics/Counter?Name=cf_app_user_action&MUID=9a22bc0d-9e37-b69d-2659-851e3a8197a7&MUIDV2=9a22bc0d-9e37-b69d-2659-851e3a8197a7&owver=37.7.0&Extra=%7B%22app_ver%22%3A%221.293.0.29621%22%2C%22os_ver%22%3A%22linux%22%2C%22app_type%22%3A%22Electron%22%2C%22action%22%3A%22downloadQueue%22%2C%22currentAppPage%22%3A%22MyModpacksPage%22%2C%22value%22%3A%22buttonClicked%22%2C%22gameId%22%3A%22432%22%7D. Status code: 200.
[2025-12-17 00:09:07.045] [info]  [AnalyticsService] Executing GET request https://analyticsnew.overwolf.com/analytics/Counter?Name=cf_app_page_changed&MUID=9a22bc0d-9e37-b69d-2659-851e3a8197a7&MUIDV2=9a22bc0d-9e37-b69d-2659-851e3a8197a7&owver=37.7.0&Extra=%7B%22app_ver%22%3A%221.293.0.29621%22%2C%22os_ver%22%3A%22linux%22%2C%22app_type%22%3A%22Electron%22%2C%22currentAppPage%22%3A%22DiscoverPage%22%7D.
[2025-12-17 00:09:07.749] [info]  [AnalyticsService] Executed GET request https://analyticsnew.overwolf.com/analytics/Counter?Name=cf_app_page_changed&MUID=9a22bc0d-9e37-b69d-2659-851e3a8197a7&MUIDV2=9a22bc0d-9e37-b69d-2659-851e3a8197a7&owver=37.7.0&Extra=%7B%22app_ver%22%3A%221.293.0.29621%22%2C%22os_ver%22%3A%22linux%22%2C%22app_type%22%3A%22Electron%22%2C%22currentAppPage%22%3A%22DiscoverPage%22%7D. Status code: 200.
[2025-12-17 00:09:10.293] [info]  [UptimeRobotApi] Executing GET request https://health.curseforge.com/app/monitorStatus.json.
[2025-12-17 00:09:12.667] [info]  [UptimeRobotApi] Executed GET request https://health.curseforge.com/app/monitorStatus.json. Status code: 200.
[2025-12-17 00:09:16.974] [info]  [AnalyticsService] Executing GET request https://analyticsnew.overwolf.com/analytics/Counter?Name=cf_app_search_project_requested&MUID=9a22bc0d-9e37-b69d-2659-851e3a8197a7&MUIDV2=9a22bc0d-9e37-b69d-2659-851e3a8197a7&owver=37.7.0&Extra=%7B%22app_ver%22%3A%221.293.0.29621%22%2C%22os_ver%22%3A%22linux%22%2C%22app_type%22%3A%22Electron%22%2C%22searchedValue%22%3A%22Dregora%22%2C%22gameId%22%3A%22432%22%2C%22byProjectId%22%3Afalse%7D.
[2025-12-17 00:09:17.094] [info]  [Renderer - Main Window] Searching mods. page: 1, column: 11, order: 2, category: undefined, sectionId: null, gameVersion: undefined, primaryAuthorId: undefined, text: Dregora, slug: undefined [ [] ]
[2025-12-17 00:09:17.911] [info]  [EleriumCommunicationLayer] Request - GET v2/mods/search - params: gameId=432&pageSize=20&searchFilter=Dregora&sortField=1&sortOrder=desc&index=0&clientCompatible=false.
[2025-12-17 00:09:17.913] [info]  [AnalyticsService] Executing GET request https://analyticsnew.overwolf.com/analytics/Counter?Name=cf_app_page_changed&MUID=9a22bc0d-9e37-b69d-2659-851e3a8197a7&MUIDV2=9a22bc0d-9e37-b69d-2659-851e3a8197a7&owver=37.7.0&Extra=%7B%22app_ver%22%3A%221.293.0.29621%22%2C%22os_ver%22%3A%22linux%22%2C%22app_type%22%3A%22Electron%22%2C%22currentAppPage%22%3A%22BrowseProjectsPage%22%7D.
[2025-12-17 00:09:20.321] [info]  [AnalyticsService] Executed GET request https://analyticsnew.overwolf.com/analytics/Counter?Name=cf_app_search_project_requested&MUID=9a22bc0d-9e37-b69d-2659-851e3a8197a7&MUIDV2=9a22bc0d-9e37-b69d-2659-851e3a8197a7&owver=37.7.0&Extra=%7B%22app_ver%22%3A%221.293.0.29621%22%2C%22os_ver%22%3A%22linux%22%2C%22app_type%22%3A%22Electron%22%2C%22searchedValue%22%3A%22Dregora%22%2C%22gameId%22%3A%22432%22%2C%22byProjectId%22%3Afalse%7D. Status code: 200.
[2025-12-17 00:09:22.076] [info]  [ModpackInstanceRepository] Loaded 0 modpacks for game 432.
[2025-12-17 00:09:22.110] [info]  [ProjectAppServiceImpl] Got 10 search results for game 432. Page 1.
[2025-12-17 00:09:22.121] [info]  [ModpackInstanceRepository] Loaded 0 modpacks for game 432.
[2025-12-17 00:09:22.128] [info]  [Renderer - Main Window] Received 10 search results for game 432 [ [] ]
[2025-12-17 00:09:23.206] [info]  [AnalyticsService] Executed GET request https://analyticsnew.overwolf.com/analytics/Counter?Name=cf_app_page_changed&MUID=9a22bc0d-9e37-b69d-2659-851e3a8197a7&MUIDV2=9a22bc0d-9e37-b69d-2659-851e3a8197a7&owver=37.7.0&Extra=%7B%22app_ver%22%3A%221.293.0.29621%22%2C%22os_ver%22%3A%22linux%22%2C%22app_type%22%3A%22Electron%22%2C%22currentAppPage%22%3A%22BrowseProjectsPage%22%7D. Status code: 200.
[2025-12-17 00:09:24.241] [info]  [Renderer - Main Window] Getting project 1003933 [ [] ]
[2025-12-17 00:09:24.264] [info]  [AnalyticsService] Executing GET request https://analyticsnew.overwolf.com/analytics/Counter?Name=cf_app_page_changed&MUID=9a22bc0d-9e37-b69d-2659-851e3a8197a7&MUIDV2=9a22bc0d-9e37-b69d-2659-851e3a8197a7&owver=37.7.0&Extra=%7B%22app_ver%22%3A%221.293.0.29621%22%2C%22os_ver%22%3A%22linux%22%2C%22app_type%22%3A%22Electron%22%2C%22currentAppPage%22%3A%22ProjectPage%22%7D.
[2025-12-17 00:09:24.301] [info]  [Renderer - Main Window] Getting project 1003933 comments count [ [] ]
[2025-12-17 00:09:24.303] [info]  [WebApiService] Executing GET request https://www.curseforge.com/api/v1/mods/1003933/app-comments.
[2025-12-17 00:09:24.669] [info]  [AnalyticsService] Executed GET request https://analyticsnew.overwolf.com/analytics/Counter?Name=cf_app_page_changed&MUID=9a22bc0d-9e37-b69d-2659-851e3a8197a7&MUIDV2=9a22bc0d-9e37-b69d-2659-851e3a8197a7&owver=37.7.0&Extra=%7B%22app_ver%22%3A%221.293.0.29621%22%2C%22os_ver%22%3A%22linux%22%2C%22app_type%22%3A%22Electron%22%2C%22currentAppPage%22%3A%22ProjectPage%22%7D. Status code: 200.
[2025-12-17 00:09:26.299] [error] [Renderer - Main Window] Failed to get Comments for project 1003933 [
  [
    "Error: Error invoking remote method 'ProjectCommentsAppService.getComments': Error: An object could not be cloned.\n" +
      '    at IpcRenderer.invoke (node:electron/js2c/sandbox_bundle:2:118428)\n' +
      '    at async t.includes.<computed> [as getComments] (<anonymous>:22:24826)\n' +
      '    at async getCommentsCount (file:///tmp/.mount_cursefdLOjiD/resources/app.asar/dist/desktop/desktop.js:374:50265)\n' +
      '    at async N (file:///tmp/.mount_cursefdLOjiD/resources/app.asar/dist/desktop/desktop.js:397:153109)\n' +
      '    at async I (file:///tmp/.mount_cursefdLOjiD/resources/app.asar/dist/desktop/desktop.js:397:153173)\n' +
      '    at async E (file:///tmp/.mount_cursefdLOjiD/resources/app.asar/dist/desktop/desktop.js:397:153468)'
  ]
]
[2025-12-17 00:09:26.300] [info]  [Renderer - Main Window] Got mod 1003933 comments count. Received null comments [ [] ]
[2025-12-17 00:09:26.523] [info]  [Renderer - Main Window] Calling getDescription 1003933 [ [] ]
[2025-12-17 00:09:27.699] [info]  [AnalyticsService] Executing GET request https://analyticsnew.overwolf.com/analytics/Counter?Name=cf_app_user_action&MUID=9a22bc0d-9e37-b69d-2659-851e3a8197a7&MUIDV2=9a22bc0d-9e37-b69d-2659-851e3a8197a7&owver=37.7.0&Extra=%7B%22app_ver%22%3A%221.293.0.29621%22%2C%22os_ver%22%3A%22linux%22%2C%22app_type%22%3A%22Electron%22%2C%22action%22%3A%22downloadServerPack%22%2C%22currentAppPage%22%3A%22ProjectPage%22%2C%22value%22%3A%22RLCraft+Dregora%22%2C%22gameId%22%3A%22432%22%2C%22source%22%3A%22ProjectActions%22%7D.
[2025-12-17 00:09:28.124] [info]  [AnalyticsService] Executed GET request https://analyticsnew.overwolf.com/analytics/Counter?Name=cf_app_user_action&MUID=9a22bc0d-9e37-b69d-2659-851e3a8197a7&MUIDV2=9a22bc0d-9e37-b69d-2659-851e3a8197a7&owver=37.7.0&Extra=%7B%22app_ver%22%3A%221.293.0.29621%22%2C%22os_ver%22%3A%22linux%22%2C%22app_type%22%3A%22Electron%22%2C%22action%22%3A%22downloadServerPack%22%2C%22currentAppPage%22%3A%22ProjectPage%22%2C%22value%22%3A%22RLCraft+Dregora%22%2C%22gameId%22%3A%22432%22%2C%22source%22%3A%22ProjectActions%22%7D. Status code: 200.
[2025-12-17 00:09:31.466] [info]  [AnalyticsService] Executing GET request https://analyticsnew.overwolf.com/analytics/Counter?Name=cf_app_project_download_requested&MUID=9a22bc0d-9e37-b69d-2659-851e3a8197a7&MUIDV2=9a22bc0d-9e37-b69d-2659-851e3a8197a7&owver=37.7.0&Extra=%7B%22app_ver%22%3A%221.293.0.29621%22%2C%22os_ver%22%3A%22linux%22%2C%22app_type%22%3A%22Electron%22%2C%22game_id%22%3A432%2C%22fileName%22%3A%22RLCraft+Dregora+v1.1.2b+-+server+pack.zip%22%2C%22downloadUrl%22%3A%22https%3A%2F%2Fedge.forgecdn.net%2Ffiles%2F7285%2F709%2FRLCraft%2520Dregora%2520v1.1.2b%2520-%2520server%2520pack.zip%22%2C%22className%22%3A%22Modpacks%22%2C%22projectName%22%3A%22RLCraft+Dregora%22%7D.
[2025-12-17 00:09:31.538] [info]  [AnalyticsService] Executed GET request https://analyticsnew.overwolf.com/analytics/Counter?Name=cf_app_project_download_requested&MUID=9a22bc0d-9e37-b69d-2659-851e3a8197a7&MUIDV2=9a22bc0d-9e37-b69d-2659-851e3a8197a7&owver=37.7.0&Extra=%7B%22app_ver%22%3A%221.293.0.29621%22%2C%22os_ver%22%3A%22linux%22%2C%22app_type%22%3A%22Electron%22%2C%22game_id%22%3A432%2C%22fileName%22%3A%22RLCraft+Dregora+v1.1.2b+-+server+pack.zip%22%2C%22downloadUrl%22%3A%22https%3A%2F%2Fedge.forgecdn.net%2Ffiles%2F7285%2F709%2FRLCraft%2520Dregora%2520v1.1.2b%2520-%2520server%2520pack.zip%22%2C%22className%22%3A%22Modpacks%22%2C%22projectName%22%3A%22RLCraft+Dregora%22%7D. Status code: 200.
[2025-12-17 00:09:31.539] [info]  [OperationStartedEventHandler] Operation Started, Id: 1003933.
[2025-12-17 00:09:33.765] [info]  [AnalyticsService] Executing GET request https://analyticsnew.overwolf.com/analytics/Counter?Name=cf_app_user_action&MUID=9a22bc0d-9e37-b69d-2659-851e3a8197a7&MUIDV2=9a22bc0d-9e37-b69d-2659-851e3a8197a7&owver=37.7.0&Extra=%7B%22app_ver%22%3A%221.293.0.29621%22%2C%22os_ver%22%3A%22linux%22%2C%22app_type%22%3A%22Electron%22%2C%22action%22%3A%22downloadQueue%22%2C%22currentAppPage%22%3A%22ProjectPage%22%2C%22value%22%3A%22buttonClicked%22%2C%22gameId%22%3A%22432%22%7D.
[2025-12-17 00:09:34.257] [info]  [AnalyticsService] Executed GET request https://analyticsnew.overwolf.com/analytics/Counter?Name=cf_app_user_action&MUID=9a22bc0d-9e37-b69d-2659-851e3a8197a7&MUIDV2=9a22bc0d-9e37-b69d-2659-851e3a8197a7&owver=37.7.0&Extra=%7B%22app_ver%22%3A%221.293.0.29621%22%2C%22os_ver%22%3A%22linux%22%2C%22app_type%22%3A%22Electron%22%2C%22action%22%3A%22downloadQueue%22%2C%22currentAppPage%22%3A%22ProjectPage%22%2C%22value%22%3A%22buttonClicked%22%2C%22gameId%22%3A%22432%22%7D. Status code: 200.
[2025-12-17 00:10:12.671] [info]  [UptimeRobotApi] Executing GET request https://health.curseforge.com/app/monitorStatus.json.
[2025-12-17 00:10:12.880] [info]  [UptimeRobotApi] Executed GET request https://health.curseforge.com/app/monitorStatus.json. Status code: 200.
[2025-12-17 00:11:12.884] [info]  [UptimeRobotApi] Executing GET request https://health.curseforge.com/app/monitorStatus.json.
[2025-12-17 00:11:14.013] [error] [ServerHealthService] Error fetching Uptime Robot Api:. AggregateError: Error
[2025-12-17 00:12:14.017] [info]  [UptimeRobotApi] Executing GET request https://health.curseforge.com/app/monitorStatus.json.
[2025-12-17 00:12:14.255] [info]  [UptimeRobotApi] Executed GET request https://health.curseforge.com/app/monitorStatus.json. Status code: 200.
[2025-12-17 00:12:29.119] [info]  [AnalyticsService] Executing GET request https://analyticsnew.overwolf.com/analytics/Counter?Name=cf_app_page_changed&MUID=9a22bc0d-9e37-b69d-2659-851e3a8197a7&MUIDV2=9a22bc0d-9e37-b69d-2659-851e3a8197a7&owver=37.7.0&Extra=%7B%22app_ver%22%3A%221.293.0.29621%22%2C%22os_ver%22%3A%22linux%22%2C%22app_type%22%3A%22Electron%22%2C%22currentAppPage%22%3A%22DiscoverPage%22%7D.
[2025-12-17 00:12:31.863] [info]  [AnalyticsService] Executing GET request https://analyticsnew.overwolf.com/analytics/Counter?Name=cf_app_page_changed&MUID=9a22bc0d-9e37-b69d-2659-851e3a8197a7&MUIDV2=9a22bc0d-9e37-b69d-2659-851e3a8197a7&owver=37.7.0&Extra=%7B%22app_ver%22%3A%221.293.0.29621%22%2C%22os_ver%22%3A%22linux%22%2C%22app_type%22%3A%22Electron%22%2C%22currentAppPage%22%3A%22MyModpacksPage%22%7D.
[2025-12-17 00:12:33.761] [info]  [Renderer - Main Window] Getting Minecraft 1.21.11 ModLoaders [ [] ]
[2025-12-17 00:12:35.412] [info]  [AnalyticsService] Executed GET request https://analyticsnew.overwolf.com/analytics/Counter?Name=cf_app_page_changed&MUID=9a22bc0d-9e37-b69d-2659-851e3a8197a7&MUIDV2=9a22bc0d-9e37-b69d-2659-851e3a8197a7&owver=37.7.0&Extra=%7B%22app_ver%22%3A%221.293.0.29621%22%2C%22os_ver%22%3A%22linux%22%2C%22app_type%22%3A%22Electron%22%2C%22currentAppPage%22%3A%22MyModpacksPage%22%7D. Status code: 200.
[2025-12-17 00:12:41.049] [info]  [AnalyticsService] Executed GET request https://analyticsnew.overwolf.com/analytics/Counter?Name=cf_app_page_changed&MUID=9a22bc0d-9e37-b69d-2659-851e3a8197a7&MUIDV2=9a22bc0d-9e37-b69d-2659-851e3a8197a7&owver=37.7.0&Extra=%7B%22app_ver%22%3A%221.293.0.29621%22%2C%22os_ver%22%3A%22linux%22%2C%22app_type%22%3A%22Electron%22%2C%22currentAppPage%22%3A%22DiscoverPage%22%7D. Status code: 200.
[2025-12-17 00:13:00.795] [info]  [Renderer - Main Window] Getting Minecraft 1.21.11 ModLoaders [ [] ]
[2025-12-17 00:13:07.041] [info]  [Renderer - Main Window] Getting Minecraft 1.21.11 ModLoaders [ [] ]
[2025-12-17 00:13:14.259] [info]  [UptimeRobotApi] Executing GET request https://health.curseforge.com/app/monitorStatus.json.
[2025-12-17 00:13:14.471] [info]  [UptimeRobotApi] Executed GET request https://health.curseforge.com/app/monitorStatus.json. Status code: 200.
[2025-12-17 00:13:21.096] [info]  [AnalyticsService] Executing GET request https://analyticsnew.overwolf.com/analytics/Counter?Name=cf_app_user_action&MUID=9a22bc0d-9e37-b69d-2659-851e3a8197a7&MUIDV2=9a22bc0d-9e37-b69d-2659-851e3a8197a7&owver=37.7.0&Extra=%7B%22app_ver%22%3A%221.293.0.29621%22%2C%22os_ver%22%3A%22linux%22%2C%22app_type%22%3A%22Electron%22%2C%22action%22%3A%22downloadQueue%22%2C%22currentAppPage%22%3A%22MyModpacksPage%22%2C%22value%22%3A%22buttonClicked%22%2C%22gameId%22%3A%22432%22%7D.
[2025-12-17 00:13:23.248] [info]  [AnalyticsService] Executed GET request https://analyticsnew.overwolf.com/analytics/Counter?Name=cf_app_user_action&MUID=9a22bc0d-9e37-b69d-2659-851e3a8197a7&MUIDV2=9a22bc0d-9e37-b69d-2659-851e3a8197a7&owver=37.7.0&Extra=%7B%22app_ver%22%3A%221.293.0.29621%22%2C%22os_ver%22%3A%22linux%22%2C%22app_type%22%3A%22Electron%22%2C%22action%22%3A%22downloadQueue%22%2C%22currentAppPage%22%3A%22MyModpacksPage%22%2C%22value%22%3A%22buttonClicked%22%2C%22gameId%22%3A%22432%22%7D. Status code: 200.
[2025-12-17 00:13:27.008] [info]  [Renderer - Main Window] Getting Minecraft 1.21.11 ModLoaders [ [] ]
[2025-12-17 00:13:36.811] [info]  [Renderer - Main Window] Getting Minecraft 1.12.2 ModLoaders [ [] ]
[2025-12-17 00:13:38.481] [info]  [ModpacksAppServiceImpl] Creating custom modpack instance: asd. GameId: 432,  GameVersion: 1.12.2, Modloader version: forge-14.23.5.2859.
[2025-12-17 00:13:38.491] [info]  [AnalyticsService] Executing GET request https://analyticsnew.overwolf.com/analytics/Counter?Name=cf_app_create_profile_requested&MUID=9a22bc0d-9e37-b69d-2659-851e3a8197a7&MUIDV2=9a22bc0d-9e37-b69d-2659-851e3a8197a7&owver=37.7.0&Extra=%7B%22app_ver%22%3A%221.293.0.29621%22%2C%22os_ver%22%3A%22linux%22%2C%22app_type%22%3A%22Electron%22%2C%22gameId%22%3A432%2C%22minecraftVersion%22%3A%221.12.2%22%2C%22modloaderType%22%3A1%2C%22modloaderVersion%22%3A%22forge-14.23.5.2859%22%2C%22installSource%22%3A0%2C%22isModpackDefaultSettingsEnabled%22%3Afalse%2C%22modpackImageType%22%3A0%7D.
[2025-12-17 00:13:38.762] [info]  [AnalyticsService] Executed GET request https://analyticsnew.overwolf.com/analytics/Counter?Name=cf_app_create_profile_requested&MUID=9a22bc0d-9e37-b69d-2659-851e3a8197a7&MUIDV2=9a22bc0d-9e37-b69d-2659-851e3a8197a7&owver=37.7.0&Extra=%7B%22app_ver%22%3A%221.293.0.29621%22%2C%22os_ver%22%3A%22linux%22%2C%22app_type%22%3A%22Electron%22%2C%22gameId%22%3A432%2C%22minecraftVersion%22%3A%221.12.2%22%2C%22modloaderType%22%3A1%2C%22modloaderVersion%22%3A%22forge-14.23.5.2859%22%2C%22installSource%22%3A0%2C%22isModpackDefaultSettingsEnabled%22%3Afalse%2C%22modpackImageType%22%3A0%7D. Status code: 200.
[2025-12-17 00:13:39.560] [info]  [ModpackDetectedEventHandler] Modpack c494b152-eb08-4626-86c8-754318964059 detected.
[2025-12-17 00:13:39.729] [info]  [AnalyticsService] Executing GET request https://analyticsnew.overwolf.com/analytics/Counter?Name=cf_app_modpack_installed&MUID=9a22bc0d-9e37-b69d-2659-851e3a8197a7&MUIDV2=9a22bc0d-9e37-b69d-2659-851e3a8197a7&owver=37.7.0&Extra=%7B%22app_ver%22%3A%221.293.0.29621%22%2C%22os_ver%22%3A%22linux%22%2C%22app_type%22%3A%22Electron%22%2C%22game_id%22%3A432%2C%22isCustom%22%3Atrue%7D.
[2025-12-17 00:13:39.776] [info]  [GameInstanceChangedEventHandler] Game instance changed: c494b152-eb08-4626-86c8-754318964059 - ["AddedToDatabase"].
[2025-12-17 00:13:39.814] [info]  [AnalyticsService] Executed GET request https://analyticsnew.overwolf.com/analytics/Counter?Name=cf_app_modpack_installed&MUID=9a22bc0d-9e37-b69d-2659-851e3a8197a7&MUIDV2=9a22bc0d-9e37-b69d-2659-851e3a8197a7&owver=37.7.0&Extra=%7B%22app_ver%22%3A%221.293.0.29621%22%2C%22os_ver%22%3A%22linux%22%2C%22app_type%22%3A%22Electron%22%2C%22game_id%22%3A432%2C%22isCustom%22%3Atrue%7D. Status code: 200.
[2025-12-17 00:13:39.895] [info]  [ModpacksAppServiceImpl] Getting game 432 installed modpacks.
[2025-12-17 00:13:39.899] [info]  [ModpackInstanceRepository] Loaded 1 modpacks for game 432.
[2025-12-17 00:13:39.904] [info]  [ModpacksAppServiceImpl] Getting game 432 installed modpacks.
[2025-12-17 00:13:39.905] [info]  [ModpacksAppServiceImpl] Getting game 432 installed modpacks.
[2025-12-17 00:13:39.906] [info]  [ModpacksAppServiceImpl] Getting game 432 installed modpacks.
[2025-12-17 00:13:39.906] [info]  [ModpacksAppServiceImpl] Getting game 432 installed modpacks.
[2025-12-17 00:13:39.907] [info]  [ModpacksAppServiceImpl] Getting game 432 installed modpacks.
[2025-12-17 00:13:39.908] [info]  [ModpacksAppServiceImpl] Getting game 432 installed modpacks.
[2025-12-17 00:13:39.909] [info]  [ModpackInstanceRepository] Loaded 1 modpacks for game 432.
[2025-12-17 00:13:39.911] [info]  [ModpackInstanceRepository] Loaded 1 modpacks for game 432.
[2025-12-17 00:13:39.914] [info]  [ModpackInstanceRepository] Loaded 1 modpacks for game 432.
[2025-12-17 00:13:39.916] [info]  [ModpackInstanceRepository] Loaded 1 modpacks for game 432.
[2025-12-17 00:13:39.919] [info]  [ModpackInstanceRepository] Loaded 1 modpacks for game 432.
[2025-12-17 00:13:39.922] [info]  [ModpackInstanceRepository] Loaded 1 modpacks for game 432.
[2025-12-17 00:13:39.995] [info]  [ModpacksAppServiceImpl] Getting installed modpack c494b152-eb08-4626-86c8-754318964059.
[2025-12-17 00:13:40.009] [info]  [AnalyticsService] Executing GET request https://analyticsnew.overwolf.com/analytics/Counter?Name=cf_app_page_changed&MUID=9a22bc0d-9e37-b69d-2659-851e3a8197a7&MUIDV2=9a22bc0d-9e37-b69d-2659-851e3a8197a7&owver=37.7.0&Extra=%7B%22app_ver%22%3A%221.293.0.29621%22%2C%22os_ver%22%3A%22linux%22%2C%22app_type%22%3A%22Electron%22%2C%22currentAppPage%22%3A%22InstalledProjectPage%22%7D.
[2025-12-17 00:13:40.076] [info]  [AnalyticsService] Executed GET request https://analyticsnew.overwolf.com/analytics/Counter?Name=cf_app_page_changed&MUID=9a22bc0d-9e37-b69d-2659-851e3a8197a7&MUIDV2=9a22bc0d-9e37-b69d-2659-851e3a8197a7&owver=37.7.0&Extra=%7B%22app_ver%22%3A%221.293.0.29621%22%2C%22os_ver%22%3A%22linux%22%2C%22app_type%22%3A%22Electron%22%2C%22currentAppPage%22%3A%22InstalledProjectPage%22%7D. Status code: 200.
[2025-12-17 00:14:14.475] [info]  [UptimeRobotApi] Executing GET request https://health.curseforge.com/app/monitorStatus.json.
[2025-12-17 00:14:15.763] [error] [ServerHealthService] Error fetching Uptime Robot Api:. AggregateError: Error
[2025-12-17 00:15:15.766] [info]  [UptimeRobotApi] Executing GET request https://health.curseforge.com/app/monitorStatus.json.
[2025-12-17 00:15:15.984] [info]  [UptimeRobotApi] Executed GET request https://health.curseforge.com/app/monitorStatus.json. Status code: 200.
[2025-12-17 00:16:15.987] [info]  [UptimeRobotApi] Executing GET request https://health.curseforge.com/app/monitorStatus.json.
[2025-12-17 00:16:16.203] [info]  [UptimeRobotApi] Executed GET request https://health.curseforge.com/app/monitorStatus.json. Status code: 200.
[2025-12-17 00:16:29.391] [info]  [ModpacksAppServiceImpl] Getting game 432 installed modpacks.
[2025-12-17 00:16:29.395] [info]  [ModpackInstanceRepository] Loaded 1 modpacks for game 432.
[2025-12-17 00:16:29.561] [info]  [GameInstanceChangedEventHandler] Game instance changed: c494b152-eb08-4626-86c8-754318964059 - ["RemovedFromDatabase"].
[2025-12-17 00:16:29.575] [info]  [ModpackDeletedEventHandler] Modpack c494b152-eb08-4626-86c8-754318964059 deleted.
[2025-12-17 00:16:29.613] [info]  [MinecraftInstanceTaskCompletedEventHandler] Minecraft instance task completed.
[2025-12-17 00:16:29.623] [info]  [ModpackInstalledEventHandler] Modpack 0 - asd Installation Completed.
[2025-12-17 00:16:29.629] [error] [ModpackInstanceRepository] Failed to get modpack: c494b152-eb08-4626-86c8-754318964059. Error: Modpack c494b152-eb08-4626-86c8-754318964059 not found
[2025-12-17 00:16:29.653] [info]  [Renderer - Main Window] current game updated 432, updating game state [ [] ]
[2025-12-17 00:16:29.703] [error] [Renderer - Main Window] 683478.5 - An error occurred. Message: Uncaught Error: Minified React error #520; visit https://react.dev/errors/520 for the full message or use the non-minified dev environment for full errors and additional helpful warnings.. Error: Error: Minified React error #520; visit https://react.dev/errors/520 for the full message or use the non-minified dev environment for full errors and additional helpful warnings. [ [] ]
[2025-12-17 00:16:29.727] [info]  [AnalyticsService] Executing GET request https://analyticsnew.overwolf.com/analytics/Counter?Name=cf_app_page_changed&MUID=9a22bc0d-9e37-b69d-2659-851e3a8197a7&MUIDV2=9a22bc0d-9e37-b69d-2659-851e3a8197a7&owver=37.7.0&Extra=%7B%22app_ver%22%3A%221.293.0.29621%22%2C%22os_ver%22%3A%22linux%22%2C%22app_type%22%3A%22Electron%22%2C%22currentAppPage%22%3A%22MyModpacksPage%22%7D.
[2025-12-17 00:16:29.807] [info]  [ModpacksAppServiceImpl] Getting game 432 installed modpacks.
[2025-12-17 00:16:29.809] [info]  [ModpackInstanceRepository] Loaded 0 modpacks for game 432.
[2025-12-17 00:16:30.957] [info]  [AnalyticsService] Executing GET request https://analyticsnew.overwolf.com/analytics/Counter?Name=cf_app_user_action&MUID=9a22bc0d-9e37-b69d-2659-851e3a8197a7&MUIDV2=9a22bc0d-9e37-b69d-2659-851e3a8197a7&owver=37.7.0&Extra=%7B%22app_ver%22%3A%221.293.0.29621%22%2C%22os_ver%22%3A%22linux%22%2C%22app_type%22%3A%22Electron%22%2C%22action%22%3A%22downloadQueue%22%2C%22currentAppPage%22%3A%22MyModpacksPage%22%2C%22value%22%3A%22buttonClicked%22%2C%22gameId%22%3A%22432%22%7D.
[2025-12-17 00:16:31.490] [info]  [AnalyticsService] Executed GET request https://analyticsnew.overwolf.com/analytics/Counter?Name=cf_app_page_changed&MUID=9a22bc0d-9e37-b69d-2659-851e3a8197a7&MUIDV2=9a22bc0d-9e37-b69d-2659-851e3a8197a7&owver=37.7.0&Extra=%7B%22app_ver%22%3A%221.293.0.29621%22%2C%22os_ver%22%3A%22linux%22%2C%22app_type%22%3A%22Electron%22%2C%22currentAppPage%22%3A%22MyModpacksPage%22%7D. Status code: 200.
[2025-12-17 00:16:31.498] [info]  [AnalyticsService] Executed GET request https://analyticsnew.overwolf.com/analytics/Counter?Name=cf_app_user_action&MUID=9a22bc0d-9e37-b69d-2659-851e3a8197a7&MUIDV2=9a22bc0d-9e37-b69d-2659-851e3a8197a7&owver=37.7.0&Extra=%7B%22app_ver%22%3A%221.293.0.29621%22%2C%22os_ver%22%3A%22linux%22%2C%22app_type%22%3A%22Electron%22%2C%22action%22%3A%22downloadQueue%22%2C%22currentAppPage%22%3A%22MyModpacksPage%22%2C%22value%22%3A%22buttonClicked%22%2C%22gameId%22%3A%22432%22%7D. Status code: 200.
[2025-12-17 00:16:41.116] [info]  [AnalyticsService] Executing GET request https://analyticsnew.overwolf.com/analytics/Counter?Name=cf_app_page_changed&MUID=9a22bc0d-9e37-b69d-2659-851e3a8197a7&MUIDV2=9a22bc0d-9e37-b69d-2659-851e3a8197a7&owver=37.7.0&Extra=%7B%22app_ver%22%3A%221.293.0.29621%22%2C%22os_ver%22%3A%22linux%22%2C%22app_type%22%3A%22Electron%22%2C%22currentAppPage%22%3A%22DiscoverPage%22%7D.
[2025-12-17 00:16:41.319] [info]  [AnalyticsService] Executed GET request https://analyticsnew.overwolf.com/analytics/Counter?Name=cf_app_page_changed&MUID=9a22bc0d-9e37-b69d-2659-851e3a8197a7&MUIDV2=9a22bc0d-9e37-b69d-2659-851e3a8197a7&owver=37.7.0&Extra=%7B%22app_ver%22%3A%221.293.0.29621%22%2C%22os_ver%22%3A%22linux%22%2C%22app_type%22%3A%22Electron%22%2C%22currentAppPage%22%3A%22DiscoverPage%22%7D. Status code: 200.
[2025-12-17 00:16:43.108] [info]  [AnalyticsService] Executing GET request https://analyticsnew.overwolf.com/analytics/Counter?Name=cf_app_search_project_requested&MUID=9a22bc0d-9e37-b69d-2659-851e3a8197a7&MUIDV2=9a22bc0d-9e37-b69d-2659-851e3a8197a7&owver=37.7.0&Extra=%7B%22app_ver%22%3A%221.293.0.29621%22%2C%22os_ver%22%3A%22linux%22%2C%22app_type%22%3A%22Electron%22%2C%22searchedValue%22%3A%22Dregora%22%2C%22gameId%22%3A%22432%22%2C%22byProjectId%22%3Afalse%7D.
[2025-12-17 00:16:43.180] [info]  [AnalyticsService] Executed GET request https://analyticsnew.overwolf.com/analytics/Counter?Name=cf_app_search_project_requested&MUID=9a22bc0d-9e37-b69d-2659-851e3a8197a7&MUIDV2=9a22bc0d-9e37-b69d-2659-851e3a8197a7&owver=37.7.0&Extra=%7B%22app_ver%22%3A%221.293.0.29621%22%2C%22os_ver%22%3A%22linux%22%2C%22app_type%22%3A%22Electron%22%2C%22searchedValue%22%3A%22Dregora%22%2C%22gameId%22%3A%22432%22%2C%22byProjectId%22%3Afalse%7D. Status code: 200.
[2025-12-17 00:16:43.242] [info]  [Renderer - Main Window] Searching mods. page: 1, column: 11, order: 2, category: undefined, sectionId: null, gameVersion: undefined, primaryAuthorId: undefined, text: Dregora, slug: undefined [ [] ]
[2025-12-17 00:16:44.104] [info]  [EleriumCommunicationLayer] Request - GET v2/mods/search - params: gameId=432&pageSize=20&searchFilter=Dregora&sortField=1&sortOrder=desc&index=0&clientCompatible=false.
[2025-12-17 00:16:44.106] [info]  [AnalyticsService] Executing GET request https://analyticsnew.overwolf.com/analytics/Counter?Name=cf_app_page_changed&MUID=9a22bc0d-9e37-b69d-2659-851e3a8197a7&MUIDV2=9a22bc0d-9e37-b69d-2659-851e3a8197a7&owver=37.7.0&Extra=%7B%22app_ver%22%3A%221.293.0.29621%22%2C%22os_ver%22%3A%22linux%22%2C%22app_type%22%3A%22Electron%22%2C%22currentAppPage%22%3A%22BrowseProjectsPage%22%7D.
[2025-12-17 00:16:44.172] [info]  [AnalyticsService] Executed GET request https://analyticsnew.overwolf.com/analytics/Counter?Name=cf_app_page_changed&MUID=9a22bc0d-9e37-b69d-2659-851e3a8197a7&MUIDV2=9a22bc0d-9e37-b69d-2659-851e3a8197a7&owver=37.7.0&Extra=%7B%22app_ver%22%3A%221.293.0.29621%22%2C%22os_ver%22%3A%22linux%22%2C%22app_type%22%3A%22Electron%22%2C%22currentAppPage%22%3A%22BrowseProjectsPage%22%7D. Status code: 200.
[2025-12-17 00:16:44.488] [info]  [ModpackInstanceRepository] Loaded 0 modpacks for game 432.
[2025-12-17 00:16:44.518] [info]  [ProjectAppServiceImpl] Got 10 search results for game 432. Page 1.
[2025-12-17 00:16:44.526] [info]  [ModpackInstanceRepository] Loaded 0 modpacks for game 432.
[2025-12-17 00:16:44.532] [info]  [Renderer - Main Window] Received 10 search results for game 432 [ [] ]
[2025-12-17 00:16:45.736] [info]  [Renderer - Main Window] Getting project 1003933 [ [] ]
[2025-12-17 00:16:45.763] [info]  [AnalyticsService] Executing GET request https://analyticsnew.overwolf.com/analytics/Counter?Name=cf_app_page_changed&MUID=9a22bc0d-9e37-b69d-2659-851e3a8197a7&MUIDV2=9a22bc0d-9e37-b69d-2659-851e3a8197a7&owver=37.7.0&Extra=%7B%22app_ver%22%3A%221.293.0.29621%22%2C%22os_ver%22%3A%22linux%22%2C%22app_type%22%3A%22Electron%22%2C%22currentAppPage%22%3A%22ProjectPage%22%7D.
[2025-12-17 00:16:45.788] [info]  [Renderer - Main Window] Getting project 1003933 comments count [ [] ]
[2025-12-17 00:16:45.789] [info]  [WebApiService] Executing GET request https://www.curseforge.com/api/v1/mods/1003933/app-comments.
[2025-12-17 00:16:45.830] [info]  [AnalyticsService] Executed GET request https://analyticsnew.overwolf.com/analytics/Counter?Name=cf_app_page_changed&MUID=9a22bc0d-9e37-b69d-2659-851e3a8197a7&MUIDV2=9a22bc0d-9e37-b69d-2659-851e3a8197a7&owver=37.7.0&Extra=%7B%22app_ver%22%3A%221.293.0.29621%22%2C%22os_ver%22%3A%22linux%22%2C%22app_type%22%3A%22Electron%22%2C%22currentAppPage%22%3A%22ProjectPage%22%7D. Status code: 200.
[2025-12-17 00:16:49.202] [info]  [AnalyticsService] Executing GET request https://analyticsnew.overwolf.com/analytics/Counter?Name=cf_app_user_action&MUID=9a22bc0d-9e37-b69d-2659-851e3a8197a7&MUIDV2=9a22bc0d-9e37-b69d-2659-851e3a8197a7&owver=37.7.0&Extra=%7B%22app_ver%22%3A%221.293.0.29621%22%2C%22os_ver%22%3A%22linux%22%2C%22app_type%22%3A%22Electron%22%2C%22action%22%3A%22downloadQueue%22%2C%22currentAppPage%22%3A%22ProjectPage%22%2C%22value%22%3A%22buttonClicked%22%2C%22gameId%22%3A%22432%22%7D.
[2025-12-17 00:16:49.276] [info]  [AnalyticsService] Executed GET request https://analyticsnew.overwolf.com/analytics/Counter?Name=cf_app_user_action&MUID=9a22bc0d-9e37-b69d-2659-851e3a8197a7&MUIDV2=9a22bc0d-9e37-b69d-2659-851e3a8197a7&owver=37.7.0&Extra=%7B%22app_ver%22%3A%221.293.0.29621%22%2C%22os_ver%22%3A%22linux%22%2C%22app_type%22%3A%22Electron%22%2C%22action%22%3A%22downloadQueue%22%2C%22currentAppPage%22%3A%22ProjectPage%22%2C%22value%22%3A%22buttonClicked%22%2C%22gameId%22%3A%22432%22%7D. Status code: 200.
[2025-12-17 00:16:51.939] [error] [Renderer - Main Window] Failed to get Comments for project 1003933 [
  [
    "Error: Error invoking remote method 'ProjectCommentsAppService.getComments': Error: An object could not be cloned.\n" +
      '    at IpcRenderer.invoke (node:electron/js2c/sandbox_bundle:2:118428)\n' +
      '    at async t.includes.<computed> [as getComments] (<anonymous>:22:24826)\n' +
      '    at async getCommentsCount (file:///tmp/.mount_cursefdLOjiD/resources/app.asar/dist/desktop/desktop.js:374:50265)\n' +
      '    at async N (file:///tmp/.mount_cursefdLOjiD/resources/app.asar/dist/desktop/desktop.js:397:153109)\n' +
      '    at async I (file:///tmp/.mount_cursefdLOjiD/resources/app.asar/dist/desktop/desktop.js:397:153173)\n' +
      '    at async E (file:///tmp/.mount_cursefdLOjiD/resources/app.asar/dist/desktop/desktop.js:397:153468)'
  ]
]
[2025-12-17 00:16:51.940] [info]  [Renderer - Main Window] Got mod 1003933 comments count. Received null comments [ [] ]
[2025-12-17 00:16:52.167] [info]  [Renderer - Main Window] Calling getDescription 1003933 [ [] ]
[2025-12-17 00:16:56.009] [info]  [AnalyticsService] Executing GET request https://analyticsnew.overwolf.com/analytics/Counter?Name=cf_app_user_action&MUID=9a22bc0d-9e37-b69d-2659-851e3a8197a7&MUIDV2=9a22bc0d-9e37-b69d-2659-851e3a8197a7&owver=37.7.0&Extra=%7B%22app_ver%22%3A%221.293.0.29621%22%2C%22os_ver%22%3A%22linux%22%2C%22app_type%22%3A%22Electron%22%2C%22action%22%3A%22downloadServerPack%22%2C%22currentAppPage%22%3A%22ProjectPage%22%2C%22value%22%3A%22RLCraft+Dregora%22%2C%22gameId%22%3A%22432%22%2C%22source%22%3A%22ContextMenu%22%7D.
[2025-12-17 00:16:56.222] [info]  [AnalyticsService] Executed GET request https://analyticsnew.overwolf.com/analytics/Counter?Name=cf_app_user_action&MUID=9a22bc0d-9e37-b69d-2659-851e3a8197a7&MUIDV2=9a22bc0d-9e37-b69d-2659-851e3a8197a7&owver=37.7.0&Extra=%7B%22app_ver%22%3A%221.293.0.29621%22%2C%22os_ver%22%3A%22linux%22%2C%22app_type%22%3A%22Electron%22%2C%22action%22%3A%22downloadServerPack%22%2C%22currentAppPage%22%3A%22ProjectPage%22%2C%22value%22%3A%22RLCraft+Dregora%22%2C%22gameId%22%3A%22432%22%2C%22source%22%3A%22ContextMenu%22%7D. Status code: 200.
[2025-12-17 00:17:00.255] [info]  [AnalyticsService] Executing GET request https://analyticsnew.overwolf.com/analytics/Counter?Name=cf_app_project_download_requested&MUID=9a22bc0d-9e37-b69d-2659-851e3a8197a7&MUIDV2=9a22bc0d-9e37-b69d-2659-851e3a8197a7&owver=37.7.0&Extra=%7B%22app_ver%22%3A%221.293.0.29621%22%2C%22os_ver%22%3A%22linux%22%2C%22app_type%22%3A%22Electron%22%2C%22game_id%22%3A432%2C%22fileName%22%3A%22RLCraft+Dregora+v1.1.2b+-+server+pack.zip%22%2C%22downloadUrl%22%3A%22https%3A%2F%2Fedge.forgecdn.net%2Ffiles%2F7285%2F709%2FRLCraft%2520Dregora%2520v1.1.2b%2520-%2520server%2520pack.zip%22%2C%22className%22%3A%22Modpacks%22%2C%22projectName%22%3A%22RLCraft+Dregora%22%7D.
[2025-12-17 00:17:00.856] [info]  [AnalyticsService] Executed GET request https://analyticsnew.overwolf.com/analytics/Counter?Name=cf_app_project_download_requested&MUID=9a22bc0d-9e37-b69d-2659-851e3a8197a7&MUIDV2=9a22bc0d-9e37-b69d-2659-851e3a8197a7&owver=37.7.0&Extra=%7B%22app_ver%22%3A%221.293.0.29621%22%2C%22os_ver%22%3A%22linux%22%2C%22app_type%22%3A%22Electron%22%2C%22game_id%22%3A432%2C%22fileName%22%3A%22RLCraft+Dregora+v1.1.2b+-+server+pack.zip%22%2C%22downloadUrl%22%3A%22https%3A%2F%2Fedge.forgecdn.net%2Ffiles%2F7285%2F709%2FRLCraft%2520Dregora%2520v1.1.2b%2520-%2520server%2520pack.zip%22%2C%22className%22%3A%22Modpacks%22%2C%22projectName%22%3A%22RLCraft+Dregora%22%7D. Status code: 200.
[2025-12-17 00:17:00.858] [info]  [OperationStartedEventHandler] Operation Started, Id: 1003933.
[2025-12-17 00:17:02.717] [info]  [AnalyticsService] Executing GET request https://analyticsnew.overwolf.com/analytics/Counter?Name=cf_app_user_action&MUID=9a22bc0d-9e37-b69d-2659-851e3a8197a7&MUIDV2=9a22bc0d-9e37-b69d-2659-851e3a8197a7&owver=37.7.0&Extra=%7B%22app_ver%22%3A%221.293.0.29621%22%2C%22os_ver%22%3A%22linux%22%2C%22app_type%22%3A%22Electron%22%2C%22action%22%3A%22downloadQueue%22%2C%22currentAppPage%22%3A%22ProjectPage%22%2C%22value%22%3A%22buttonClicked%22%2C%22gameId%22%3A%22432%22%7D.
[2025-12-17 00:17:02.787] [info]  [AnalyticsService] Executed GET request https://analyticsnew.overwolf.com/analytics/Counter?Name=cf_app_user_action&MUID=9a22bc0d-9e37-b69d-2659-851e3a8197a7&MUIDV2=9a22bc0d-9e37-b69d-2659-851e3a8197a7&owver=37.7.0&Extra=%7B%22app_ver%22%3A%221.293.0.29621%22%2C%22os_ver%22%3A%22linux%22%2C%22app_type%22%3A%22Electron%22%2C%22action%22%3A%22downloadQueue%22%2C%22currentAppPage%22%3A%22ProjectPage%22%2C%22value%22%3A%22buttonClicked%22%2C%22gameId%22%3A%22432%22%7D. Status code: 200.
[2025-12-17 00:17:16.205] [info]  [UptimeRobotApi] Executing GET request https://health.curseforge.com/app/monitorStatus.json.
[2025-12-17 00:17:16.414] [info]  [UptimeRobotApi] Executed GET request https://health.curseforge.com/app/monitorStatus.json. Status code: 200.
[2025-12-17 00:18:16.418] [info]  [UptimeRobotApi] Executing GET request https://health.curseforge.com/app/monitorStatus.json.
[2025-12-17 00:18:16.631] [info]  [UptimeRobotApi] Executed GET request https://health.curseforge.com/app/monitorStatus.json. Status code: 200.
[2025-12-17 00:19:16.635] [info]  [UptimeRobotApi] Executing GET request https://health.curseforge.com/app/monitorStatus.json.
[2025-12-17 00:19:17.684] [info]  [UptimeRobotApi] Executed GET request https://health.curseforge.com/app/monitorStatus.json. Status code: 200.
[2025-12-17 00:20:07.305] [info]  [AppUpdatePeriodicChecker] Running periodic app update check.
[2025-12-17 00:20:07.307] [info]  [AppUpdateServiceImpl] Checking for available application updates. Current app version is 1.293.0-29621.
[2025-12-17 00:20:07.308] [info]  Checking for update
[2025-12-17 00:20:07.308] [info]  Electron Updater - Checking for application update
[2025-12-17 00:20:12.944] [info]  Update for version 1.293.0-29621 is not available (latest version: 1.293.0-29621, downgrade is disallowed).
[2025-12-17 00:20:12.945] [info]  Electron Updater - App update is not available. Latest Version: 1.293.0-29621. Release Date: 2025-12-04T11:46:48.196Z
[2025-12-17 00:20:12.945] [info]  [AppUpdateServiceImpl] No updates are available for the app..
[2025-12-17 00:20:12.946] [info]  [AppUpdatePeriodicChecker] No app update. Scheduling the next update check in 900000 milliseconds.
[2025-12-17 00:20:17.689] [info]  [UptimeRobotApi] Executing GET request https://health.curseforge.com/app/monitorStatus.json.
[2025-12-17 00:20:18.491] [info]  [UptimeRobotApi] Executed GET request https://health.curseforge.com/app/monitorStatus.json. Status code: 200.
[2025-12-17 00:20:42.334] [info]  [SessionsService] session ended.
[2025-12-17 00:21:05.760] [info]  [EleriumCommunicationLayer] setCfCoreHost called with https://api.curseforge.com.
[2025-12-17 00:21:05.769] [info]  [ConfigurationServiceImpl] Current env: production.
[2025-12-17 00:21:05.795] [info]  [BackgroundController] App version: 1.293.0.29621.
[2025-12-17 00:21:05.796] [info]  [BackgroundController] OS: linux.
[2025-12-17 00:21:05.796] [info]  [BackgroundController] OS version: 6.16.7-arch1-1.
[2025-12-17 00:21:05.797] [info]  [BackgroundController] App startup args: /tmp/.mount_cursefdvhV2V/curseforge.
[2025-12-17 00:21:05.840] [info]  [BackgroundController] A second instance of the app has attempted to start. Working Dir /home/hrono/Downloads. Args: /tmp/.mount_cursefdvhV2V/curseforge,--allow-file-access-from-files,--ozone-platform=wayland.
[2025-12-17 00:21:05.841] [info]  [BackgroundController] Bringing primary app window to front.
[2025-12-17 00:21:05.852] [info]  [SessionStartedEventHandler] App session started.
[2025-12-17 00:21:05.853] [info]  [BackgroundController] Unable to obtain single instance lock. Another instance of the app is open. Shutting down.
[2025-12-17 00:21:05.977] [info]  [MeasurementAppServiceImpl] starting measurement game-dau.
[2025-12-17 00:21:06.099] [info]  [AnalyticsService] Executing GET request https://analyticsnew.overwolf.com/analytics/Counter?Name=cf_app_ads_promo_video_event&MUID=9a22bc0d-9e37-b69d-2659-851e3a8197a7&MUIDV2=9a22bc0d-9e37-b69d-2659-851e3a8197a7&owver=37.7.0&Extra=%7B%22app_ver%22%3A%221.293.0.29621%22%2C%22os_ver%22%3A%22linux%22%2C%22app_type%22%3A%22Electron%22%2C%22status%22%3A%22loading%22%2C%22url%22%3A%22https%3A%2F%2Fmrkt.forgecdn.net%2Fapp-vids%2Fonboard%2Fonboarding_2.webm%22%7D.
[2025-12-17 00:21:08.402] [info]  [AnalyticsService] Executed GET request https://analyticsnew.overwolf.com/analytics/Counter?Name=cf_app_ads_promo_video_event&MUID=9a22bc0d-9e37-b69d-2659-851e3a8197a7&MUIDV2=9a22bc0d-9e37-b69d-2659-851e3a8197a7&owver=37.7.0&Extra=%7B%22app_ver%22%3A%221.293.0.29621%22%2C%22os_ver%22%3A%22linux%22%2C%22app_type%22%3A%22Electron%22%2C%22status%22%3A%22loading%22%2C%22url%22%3A%22https%3A%2F%2Fmrkt.forgecdn.net%2Fapp-vids%2Fonboard%2Fonboarding_2.webm%22%7D. Status code: 200.
[2025-12-17 00:21:15.984] [info]  [AnalyticsStorageManager] Already tracked cf_daily_active_user_per_game_v2_gameId.432 today.
[2025-12-17 00:21:15.984] [info]  [AnalyticsService] trackDailyUnique is unique: false.
[2025-12-17 00:21:18.494] [info]  [UptimeRobotApi] Executing GET request https://health.curseforge.com/app/monitorStatus.json.
[2025-12-17 00:21:19.650] [error] [ServerHealthService] Error fetching Uptime Robot Api:. AggregateError: Error
[2025-12-17 00:21:20.906] [info]  [AnalyticsService] Executing GET request https://analyticsnew.overwolf.com/analytics/Counter?Name=cf_app_user_action&MUID=9a22bc0d-9e37-b69d-2659-851e3a8197a7&MUIDV2=9a22bc0d-9e37-b69d-2659-851e3a8197a7&owver=37.7.0&Extra=%7B%22app_ver%22%3A%221.293.0.29621%22%2C%22os_ver%22%3A%22linux%22%2C%22app_type%22%3A%22Electron%22%2C%22action%22%3A%22downloadQueue%22%2C%22currentAppPage%22%3A%22ProjectPage%22%2C%22value%22%3A%22buttonClicked%22%2C%22gameId%22%3A%22432%22%7D.
[2025-12-17 00:21:22.249] [info]  [AnalyticsService] Executed GET request https://analyticsnew.overwolf.com/analytics/Counter?Name=cf_app_user_action&MUID=9a22bc0d-9e37-b69d-2659-851e3a8197a7&MUIDV2=9a22bc0d-9e37-b69d-2659-851e3a8197a7&owver=37.7.0&Extra=%7B%22app_ver%22%3A%221.293.0.29621%22%2C%22os_ver%22%3A%22linux%22%2C%22app_type%22%3A%22Electron%22%2C%22action%22%3A%22downloadQueue%22%2C%22currentAppPage%22%3A%22ProjectPage%22%2C%22value%22%3A%22buttonClicked%22%2C%22gameId%22%3A%22432%22%7D. Status code: 200.
[2025-12-17 00:21:25.404] [info]  [AnalyticsService] Executing GET request https://analyticsnew.overwolf.com/analytics/Counter?Name=cf_app_page_changed&MUID=9a22bc0d-9e37-b69d-2659-851e3a8197a7&MUIDV2=9a22bc0d-9e37-b69d-2659-851e3a8197a7&owver=37.7.0&Extra=%7B%22app_ver%22%3A%221.293.0.29621%22%2C%22os_ver%22%3A%22linux%22%2C%22app_type%22%3A%22Electron%22%2C%22currentAppPage%22%3A%22MyModpacksPage%22%7D.
[2025-12-17 00:21:25.474] [info]  [AnalyticsService] Executed GET request https://analyticsnew.overwolf.com/analytics/Counter?Name=cf_app_page_changed&MUID=9a22bc0d-9e37-b69d-2659-851e3a8197a7&MUIDV2=9a22bc0d-9e37-b69d-2659-851e3a8197a7&owver=37.7.0&Extra=%7B%22app_ver%22%3A%221.293.0.29621%22%2C%22os_ver%22%3A%22linux%22%2C%22app_type%22%3A%22Electron%22%2C%22currentAppPage%22%3A%22MyModpacksPage%22%7D. Status code: 200.
[2025-12-17 00:21:27.707] [info]  [Renderer - Main Window] Getting Minecraft 1.21.11 ModLoaders [ [] ]
[2025-12-17 00:21:40.267] [info]  [Renderer - Main Window] Getting Minecraft 1.12.2 ModLoaders [ [] ]
[2025-12-17 00:21:41.928] [info]  [ModpacksAppServiceImpl] Creating custom modpack instance: xdd. GameId: 432,  GameVersion: 1.12.2, Modloader version: forge-14.23.5.2859.
[2025-12-17 00:21:41.939] [info]  [AnalyticsService] Executing GET request https://analyticsnew.overwolf.com/analytics/Counter?Name=cf_app_create_profile_requested&MUID=9a22bc0d-9e37-b69d-2659-851e3a8197a7&MUIDV2=9a22bc0d-9e37-b69d-2659-851e3a8197a7&owver=37.7.0&Extra=%7B%22app_ver%22%3A%221.293.0.29621%22%2C%22os_ver%22%3A%22linux%22%2C%22app_type%22%3A%22Electron%22%2C%22gameId%22%3A432%2C%22minecraftVersion%22%3A%221.12.2%22%2C%22modloaderType%22%3A1%2C%22modloaderVersion%22%3A%22forge-14.23.5.2859%22%2C%22installSource%22%3A0%2C%22isModpackDefaultSettingsEnabled%22%3Afalse%2C%22modpackImageType%22%3A0%7D.
[2025-12-17 00:21:42.149] [info]  [AnalyticsService] Executed GET request https://analyticsnew.overwolf.com/analytics/Counter?Name=cf_app_create_profile_requested&MUID=9a22bc0d-9e37-b69d-2659-851e3a8197a7&MUIDV2=9a22bc0d-9e37-b69d-2659-851e3a8197a7&owver=37.7.0&Extra=%7B%22app_ver%22%3A%221.293.0.29621%22%2C%22os_ver%22%3A%22linux%22%2C%22app_type%22%3A%22Electron%22%2C%22gameId%22%3A432%2C%22minecraftVersion%22%3A%221.12.2%22%2C%22modloaderType%22%3A1%2C%22modloaderVersion%22%3A%22forge-14.23.5.2859%22%2C%22installSource%22%3A0%2C%22isModpackDefaultSettingsEnabled%22%3Afalse%2C%22modpackImageType%22%3A0%7D. Status code: 200.
[2025-12-17 00:21:43.239] [info]  [ModpackDetectedEventHandler] Modpack 4b8c90f8-d3db-4732-8103-0c8a1adb93d6 detected.
[2025-12-17 00:21:43.250] [info]  [AnalyticsService] Executing GET request https://analyticsnew.overwolf.com/analytics/Counter?Name=cf_app_modpack_installed&MUID=9a22bc0d-9e37-b69d-2659-851e3a8197a7&MUIDV2=9a22bc0d-9e37-b69d-2659-851e3a8197a7&owver=37.7.0&Extra=%7B%22app_ver%22%3A%221.293.0.29621%22%2C%22os_ver%22%3A%22linux%22%2C%22app_type%22%3A%22Electron%22%2C%22game_id%22%3A432%2C%22isCustom%22%3Atrue%7D.
[2025-12-17 00:21:43.255] [info]  [GameInstanceChangedEventHandler] Game instance changed: 4b8c90f8-d3db-4732-8103-0c8a1adb93d6 - ["AddedToDatabase"].
[2025-12-17 00:21:43.296] [info]  [ModpacksAppServiceImpl] Getting game 432 installed modpacks.
[2025-12-17 00:21:43.301] [info]  [ModpackInstanceRepository] Loaded 1 modpacks for game 432.
[2025-12-17 00:21:43.308] [info]  [ModpacksAppServiceImpl] Getting game 432 installed modpacks.
[2025-12-17 00:21:43.313] [info]  [ModpacksAppServiceImpl] Getting game 432 installed modpacks.
[2025-12-17 00:21:43.317] [info]  [ModpacksAppServiceImpl] Getting game 432 installed modpacks.
[2025-12-17 00:21:43.318] [info]  [ModpacksAppServiceImpl] Getting game 432 installed modpacks.
[2025-12-17 00:21:43.320] [info]  [ModpacksAppServiceImpl] Getting game 432 installed modpacks.
[2025-12-17 00:21:43.326] [info]  [ModpacksAppServiceImpl] Getting game 432 installed modpacks.
[2025-12-17 00:21:43.327] [info]  [ModpackInstanceRepository] Loaded 1 modpacks for game 432.
[2025-12-17 00:21:43.332] [info]  [AnalyticsService] Executed GET request https://analyticsnew.overwolf.com/analytics/Counter?Name=cf_app_modpack_installed&MUID=9a22bc0d-9e37-b69d-2659-851e3a8197a7&MUIDV2=9a22bc0d-9e37-b69d-2659-851e3a8197a7&owver=37.7.0&Extra=%7B%22app_ver%22%3A%221.293.0.29621%22%2C%22os_ver%22%3A%22linux%22%2C%22app_type%22%3A%22Electron%22%2C%22game_id%22%3A432%2C%22isCustom%22%3Atrue%7D. Status code: 200.
[2025-12-17 00:21:43.339] [info]  [ModpackInstanceRepository] Loaded 1 modpacks for game 432.
[2025-12-17 00:21:43.347] [info]  [ModpackInstanceRepository] Loaded 1 modpacks for game 432.
[2025-12-17 00:21:43.352] [info]  [ModpackInstanceRepository] Loaded 1 modpacks for game 432.
[2025-12-17 00:21:43.355] [info]  [ModpackInstanceRepository] Loaded 1 modpacks for game 432.
[2025-12-17 00:21:43.359] [info]  [ModpackInstanceRepository] Loaded 1 modpacks for game 432.
[2025-12-17 00:21:43.447] [info]  [ModpacksAppServiceImpl] Getting installed modpack 4b8c90f8-d3db-4732-8103-0c8a1adb93d6.
[2025-12-17 00:21:43.462] [info]  [AnalyticsService] Executing GET request https://analyticsnew.overwolf.com/analytics/Counter?Name=cf_app_page_changed&MUID=9a22bc0d-9e37-b69d-2659-851e3a8197a7&MUIDV2=9a22bc0d-9e37-b69d-2659-851e3a8197a7&owver=37.7.0&Extra=%7B%22app_ver%22%3A%221.293.0.29621%22%2C%22os_ver%22%3A%22linux%22%2C%22app_type%22%3A%22Electron%22%2C%22currentAppPage%22%3A%22InstalledProjectPage%22%7D.
[2025-12-17 00:21:43.529] [info]  [AnalyticsService] Executed GET request https://analyticsnew.overwolf.com/analytics/Counter?Name=cf_app_page_changed&MUID=9a22bc0d-9e37-b69d-2659-851e3a8197a7&MUIDV2=9a22bc0d-9e37-b69d-2659-851e3a8197a7&owver=37.7.0&Extra=%7B%22app_ver%22%3A%221.293.0.29621%22%2C%22os_ver%22%3A%22linux%22%2C%22app_type%22%3A%22Electron%22%2C%22currentAppPage%22%3A%22InstalledProjectPage%22%7D. Status code: 200.
[2025-12-17 00:21:50.724] [info]  [AnalyticsService] Executing GET request https://analyticsnew.overwolf.com/analytics/Counter?Name=cf_app_user_action&MUID=9a22bc0d-9e37-b69d-2659-851e3a8197a7&MUIDV2=9a22bc0d-9e37-b69d-2659-851e3a8197a7&owver=37.7.0&Extra=%7B%22app_ver%22%3A%221.293.0.29621%22%2C%22os_ver%22%3A%22linux%22%2C%22app_type%22%3A%22Electron%22%2C%22action%22%3A%22downloadQueue%22%2C%22currentAppPage%22%3A%22InstalledProjectPage%22%2C%22value%22%3A%22buttonClicked%22%2C%22gameId%22%3A%22432%22%7D.
[2025-12-17 00:21:57.805] [info]  [AnalyticsService] Executed GET request https://analyticsnew.overwolf.com/analytics/Counter?Name=cf_app_user_action&MUID=9a22bc0d-9e37-b69d-2659-851e3a8197a7&MUIDV2=9a22bc0d-9e37-b69d-2659-851e3a8197a7&owver=37.7.0&Extra=%7B%22app_ver%22%3A%221.293.0.29621%22%2C%22os_ver%22%3A%22linux%22%2C%22app_type%22%3A%22Electron%22%2C%22action%22%3A%22downloadQueue%22%2C%22currentAppPage%22%3A%22InstalledProjectPage%22%2C%22value%22%3A%22buttonClicked%22%2C%22gameId%22%3A%22432%22%7D. Status code: 200.
[2025-12-17 00:22:17.362] [info]  [SessionsService] session ended.
[2025-12-17 00:27:28.487] [error] [Radiuminator] Failed to download file: https://edge.forgecdn.net/files/7285/709/RLCraft%20Dregora%20v1.1.2b%20-%20server%20pack.zip to /home/hrono/Desktop/RLCraft Dregora v1.1.2b - server pack.zip. Error: Failed downloading file: /home/hrono/Desktop/RLCraft Dregora v1.1.2b - server pack.zip.
[2025-12-17 00:27:28.489] [info]  [OperationCompletedEventHandler] Operation Completed, Id: 1003933. Outcome: Failed.
